Component: ARM Compiler 5.06 update 5 (build 528) Tool: armlink [4d35e2]

==============================================================================

Section Cross References

    startup_stm32f100xb.o(RESET) refers to startup_stm32f100xb.o(STACK) for __initial_sp
    startup_stm32f100xb.o(RESET) refers to startup_stm32f100xb.o(.text) for Reset_Handler
    startup_stm32f100xb.o(RESET) refers to stm32f1xx_it.o(i.NMI_Handler) for NMI_Handler
    startup_stm32f100xb.o(RESET) refers to stm32f1xx_it.o(i.HardFault_Handler) for HardFault_Handler
    startup_stm32f100xb.o(RESET) refers to stm32f1xx_it.o(i.MemManage_Handler) for MemManage_Handler
    startup_stm32f100xb.o(RESET) refers to stm32f1xx_it.o(i.BusFault_Handler) for BusFault_Handler
    startup_stm32f100xb.o(RESET) refers to stm32f1xx_it.o(i.UsageFault_Handler) for UsageFault_Handler
    startup_stm32f100xb.o(RESET) refers to stm32f1xx_it.o(i.SVC_Handler) for SVC_Handler
    startup_stm32f100xb.o(RESET) refers to stm32f1xx_it.o(i.DebugMon_Handler) for DebugMon_Handler
    startup_stm32f100xb.o(RESET) refers to stm32f1xx_it.o(i.PendSV_Handler) for PendSV_Handler
    startup_stm32f100xb.o(RESET) refers to stm32f1xx_it.o(i.SysTick_Handler) for SysTick_Handler
    startup_stm32f100xb.o(RESET) refers to stm32f1xx_it.o(i.USART1_IRQHandler) for USART1_IRQHandler
    startup_stm32f100xb.o(RESET) refers to stm32f1xx_it.o(i.USART2_IRQHandler) for USART2_IRQHandler
    startup_stm32f100xb.o(.text) refers to system_stm32f1xx.o(i.SystemInit) for SystemInit
    startup_stm32f100xb.o(.text) refers to entry.o(.ARM.Collect$$$$00000000) for __main
    main.o(i.MX_GPIO_Init) refers to stm32f1xx_hal_gpio.o(i.HAL_GPIO_WritePin) for HAL_GPIO_WritePin
    main.o(i.MX_GPIO_Init) refers to stm32f1xx_hal_gpio.o(i.HAL_GPIO_Init) for HAL_GPIO_Init
    main.o(i.ModBusRead) refers to main.o(i.CRC16) for CRC16
    main.o(i.ModBusRead) refers to main.o(i.RS485_preTransmission) for RS485_preTransmission
    main.o(i.ModBusRead) refers to stm32f1xx_hal_uart.o(i.HAL_UART_Transmit) for HAL_UART_Transmit
    main.o(i.ModBusRead) refers to main.o(i.RS485_postTransmission) for RS485_postTransmission
    main.o(i.ModBusRead) refers to trans_recieve_buff_control.o(i.Modbus_Master_Millis) for Modbus_Master_Millis
    main.o(i.ModBusRead) refers to trans_recieve_buff_control.o(i.Modbus_Master_Rece_Handler) for Modbus_Master_Rece_Handler
    main.o(i.ModBusRead) refers to stm32f1xx_hal_gpio.o(i.HAL_GPIO_WritePin) for HAL_GPIO_WritePin
    main.o(i.ModBusRead) refers to trans_recieve_buff_control.o(i.Modbus_Master_Rece_Available) for Modbus_Master_Rece_Available
    main.o(i.ModBusRead) refers to trans_recieve_buff_control.o(i.Modbus_Master_Read) for Modbus_Master_Read
    main.o(i.ModBusRead) refers to main.o(i.debbugXui) for debbugXui
    main.o(i.ModBusRead) refers to main.o(.bss) for .bss
    main.o(i.ModBusRead) refers to main.o(.data) for .data
    main.o(i.RS485_postTransmission) refers to stm32f1xx_hal_gpio.o(i.HAL_GPIO_WritePin) for HAL_GPIO_WritePin
    main.o(i.RS485_preTransmission) refers to stm32f1xx_hal_gpio.o(i.HAL_GPIO_WritePin) for HAL_GPIO_WritePin
    main.o(i.SystemClock_Config) refers to memseta.o(.text) for __aeabi_memclr4
    main.o(i.SystemClock_Config) refers to stm32f1xx_hal_rcc.o(i.HAL_RCC_OscConfig) for HAL_RCC_OscConfig
    main.o(i.SystemClock_Config) refers to stm32f1xx_hal_rcc.o(i.HAL_RCC_ClockConfig) for HAL_RCC_ClockConfig
    main.o(i.debbugXui) refers to printf2.o(i.__0sprintf$2) for __2sprintf
    main.o(i.debbugXui) refers to stm32f1xx_hal_uart.o(i.HAL_UART_Transmit) for HAL_UART_Transmit
    main.o(i.debbugXui) refers to main.o(.bss) for .bss
    main.o(i.main) refers to stm32f1xx_hal.o(i.HAL_Init) for HAL_Init
    main.o(i.main) refers to main.o(i.SystemClock_Config) for SystemClock_Config
    main.o(i.main) refers to main.o(i.MX_GPIO_Init) for MX_GPIO_Init
    main.o(i.main) refers to stm32f1xx_hal_uart.o(i.HAL_UART_Init) for HAL_UART_Init
    main.o(i.main) refers to ringbuffer.o(i.rbInitialize) for rbInitialize
    main.o(i.main) refers to modbus_master.o(i.ModbusMaster_writeSingleRegister) for ModbusMaster_writeSingleRegister
    main.o(i.main) refers to stm32f1xx_hal_gpio.o(i.HAL_GPIO_WritePin) for HAL_GPIO_WritePin
    main.o(i.main) refers to main.o(i.ModBusRead) for ModBusRead
    main.o(i.main) refers to stm32f1xx_hal.o(i.HAL_Delay) for HAL_Delay
    main.o(i.main) refers to main.o(.bss) for .bss
    stm32f1xx_it.o(i.SysTick_Handler) refers to stm32f1xx_hal.o(i.HAL_IncTick) for HAL_IncTick
    stm32f1xx_it.o(i.USART1_IRQHandler) refers to stm32f1xx_hal_uart.o(i.HAL_UART_IRQHandler) for HAL_UART_IRQHandler
    stm32f1xx_it.o(i.USART1_IRQHandler) refers to main.o(.bss) for huart1
    stm32f1xx_it.o(i.USART2_IRQHandler) refers to stm32f1xx_hal_uart.o(i.HAL_UART_IRQHandler) for HAL_UART_IRQHandler
    stm32f1xx_it.o(i.USART2_IRQHandler) refers to main.o(.bss) for huart2
[...]
    printf2.o(i.__0vsprintf$2) refers to printf2.o(i._sputc) for _sputc
    printf3.o(i.__0fprintf$3) refers to printf3.o(i._printf_core) for _printf_core
    printf3.o(i.__0fprintf$3) refers to fputc.o(i.fputc) for fputc
    printf3.o(i.__0printf$3) refers to printf3.o(i._printf_core) for _printf_core
    printf3.o(i.__0printf$3) refers to fputc.o(i.fputc) for fputc
    printf3.o(i.__0printf$3) refers to stdout.o(.data) for __stdout
    printf3.o(i.__0snprintf$3) refers to printf3.o(i._printf_core) for _printf_core
    printf3.o(i.__0snprintf$3) refers to printf3.o(i._snputc) for _snputc
    printf3.o(i.__0sprintf$3) refers to printf3.o(i._printf_core) for _printf_core
    printf3.o(i.__0sprintf$3) refers to printf3.o(i._sputc) for _sputc
    printf3.o(i.__0vfprintf$3) refers to printf3.o(i._printf_core) for _printf_core
    printf3.o(i.__0vfprintf$3) refers to fputc.o(i.fputc) for fputc
    printf3.o(i.__0vprintf$3) refers to printf3.o(i._printf_core) for _printf_core
    printf3.o(i.__0vprintf$3) refers to fputc.o(i.fputc) for fputc
    printf3.o(i.__0vprintf$3) refers to stdout.o(.data) for __stdout
    printf3.o(i.__0vsnprintf$3) refers to printf3.o(i._printf_core) for _printf_core
    printf3.o(i.__0vsnprintf$3) refers to printf3.o(i._snputc) for _snputc
    printf3.o(i.__0vsprintf$3) refers to printf3.o(i._printf_core) for _printf_core
    printf3.o(i.__0vsprintf$3) refers to printf3.o(i._sputc) for _sputc
    printf3.o(i._printf_core) refers to uidiv.o(.text) for __aeabi_uidivmod
    printf4.o(i.__0fprintf$4) refers to printf4.o(i._printf_core) for _printf_core
    printf4.o(i.__0fprintf$4) refers to fputc.o(i.fputc) for fputc
    printf4.o(i.__0printf$4) refers to printf4.o(i._printf_core) for _printf_core
    printf4.o(i.__0printf$4) refers to fputc.o(i.fputc) for fputc
    printf4.o(i.__0printf$4) refers to stdout.o(.data) for __stdout
    printf4.o(i.__0snprintf$4) refers to printf4.o(i._printf_core) for _printf_core
    printf4.o(i.__0snprintf$4) refers to printf4.o(i._snputc) for _snputc
    printf4.o(i.__0sprintf$4) refers to printf4.o(i._printf_core) for _printf_core
    printf4.o(i.__0sprintf$4) refers to printf4.o(i._sputc) for _sputc
    printf4.o(i.__0vfprintf$4) refers to printf4.o(i._printf_core) for _printf_core
    printf4.o(i.__0vfprintf$4) refers to fputc.o(i.fputc) for fputc
    printf4.o(i.__0vprintf$4) refers to printf4.o(i._printf_core) for _printf_core
    printf4.o(i.__0vprintf$4) refers to fputc.o(i.fputc) for fputc
    printf4.o(i.__0vprintf$4) refers to stdout.o(.data) for __stdout
    printf4.o(i.__0vsnprintf$4) refers to printf4.o(i._printf_core) for _printf_core
    printf4.o(i.__0vsnprintf$4) refers to printf4.o(i._snputc) for _snputc
    printf4.o(i.__0vsprintf$4) refers to printf4.o(i._printf_core) for _printf_core
    printf4.o(i.__0vsprintf$4) refers to printf4.o(i._sputc) for _sputc
    printf4.o(i._printf_core) refers to uldiv.o(.text) for __aeabi_uldivmod
    printf5.o(i.__0fprintf$5) refers to printf5.o(i._printf_core) for _printf_core
    printf5.o(i.__0fprintf$5) refers to fputc.o(i.fputc) for fputc
    printf5.o(i.__0printf$5) refers to printf5.o(i._printf_core) for _printf_core
    printf5.o(i.__0printf$5) refers to fputc.o(i.fputc) for fputc
    printf5.o(i.__0printf$5) refers to stdout.o(.data) for __stdout
    printf5.o(i.__0snprintf$5) refers to printf5.o(i._printf_core) for _printf_core
    printf5.o(i.__0snprintf$5) refers to printf5.o(i._snputc) for _snputc
    printf5.o(i.__0sprintf$5) refers to printf5.o(i._printf_core) for _printf_core
    printf5.o(i.__0sprintf$5) refers to printf5.o(i._sputc) for _sputc
    printf5.o(i.__0vfprintf$5) refers to printf5.o(i._printf_core) for _printf_core
    printf5.o(i.__0vfprintf$5) refers to fputc.o(i.fputc) for fputc
    printf5.o(i.__0vprintf$5) refers to printf5.o(i._printf_core) for _printf_core
    printf5.o(i.__0vprintf$5) refers to fputc.o(i.fputc) for fputc
    printf5.o(i.__0vprintf$5) refers to stdout.o(.data) for __stdout
    printf5.o(i.__0vsnprintf$5) refers to printf5.o(i._printf_core) for _printf_core
    printf5.o(i.__0vsnprintf$5) refers to printf5.o(i._snputc) for _snputc
    printf5.o(i.__0vsprintf$5) refers to printf5.o(i._printf_core) for _printf_core
    printf5.o(i.__0vsprintf$5) refers to printf5.o(i._sputc) for _sputc
    printf5.o(i._printf_core) refers to uldiv.o(.text) for __aeabi_uldivmod
    printf6.o(i.__0fprintf$6) refers to printf6.o(i._printf_core) for _printf_core
    printf6.o(i.__0fprintf$6) refers to fputc.o(i.fputc) for fputc
    printf6.o(i.__0printf$6) refers to printf6.o(i._printf_core) for _printf_core
    printf6.o(i.__0printf$6) refers to fputc.o(i.fputc) for fputc
    printf6.o(i.__0printf$6) refers to stdout.o(.data) for __stdout
    printf6.o(i.__0snprintf$6) refers to printf6.o(i._printf_core) for _printf_core
    printf6.o(i.__0snprintf$6) refers to printf6.o(i._snputc) for _snputc
    printf6.o(i.__0sprintf$6) refers to printf6.o(i._printf_core) for _printf_core
    printf6.o(i.__0sprintf$6) refers to printf6.o(i._sputc) for _sputc
    printf6.o(i.__0vfprintf$6) refers to printf6.o(i._printf_core) for _printf_core
    printf6.o(i.__0vfprintf$6) refers to fputc.o(i.fputc) for fputc
    printf6.o(i.__0vprintf$6) refers to printf6.o(i._printf_core) for _printf_core
    printf6.o(i.__0vprintf$6) refers to fputc.o(i.fputc) for fputc
    printf6.o(i.__0vprintf$6) refers to stdout.o(.data) for __stdout
    printf6.o(i.__0vsnprintf$6) refers to printf6.o(i._printf_core) for _printf_core
    printf6.o(i.__0vsnprintf$6) refers to printf6.o(i._snputc) for _snputc
    printf6.o(i.__0vsprintf$6) refers to printf6.o(i._printf_core) for _printf_core
    printf6.o(i.__0vsprintf$6) refers to printf6.o(i._sputc) for _sputc
    printf6.o(i._printf_core) refers to printf6.o(i._printf_pre_padding) for _printf_pre_padding
    printf6.o(i._printf_core) refers to uidiv.o(.text) for __aeabi_uidivmod
    printf6.o(i._printf_core) refers to printf6.o(i._printf_post_padding) for _printf_post_padding
    printf7.o(i.__0fprintf$7) refers to printf7.o(i._printf_core) for _printf_core
    printf7.o(i.__0fprintf$7) refers to fputc.o(i.fputc) for fputc
    printf7.o(i.__0printf$7) refers to printf7.o(i._printf_core) for _printf_core
    printf7.o(i.__0printf$7) refers to fputc.o(i.fputc) for fputc
    printf7.o(i.__0printf$7) refers to stdout.o(.data) for __stdout
    printf7.o(i.__0snprintf$7) refers to printf7.o(i._printf_core) for _printf_core
    printf7.o(i.__0snprintf$7) refers to printf7.o(i._snputc) for _snputc
    printf7.o(i.__0sprintf$7) refers to printf7.o(i._printf_core) for _printf_core
    printf7.o(i.__0sprintf$7) refers to printf7.o(i._sputc) for _sputc
    printf7.o(i.__0vfprintf$7) refers to printf7.o(i._printf_core) for _printf_core
    printf7.o(i.__0vfprintf$7) refers to fputc.o(i.fputc) for fputc
    printf7.o(i.__0vprintf$7) refers to printf7.o(i._printf_core) for _printf_core
    printf7.o(i.__0vprintf$7) refers to fputc.o(i.fputc) for fputc
    printf7.o(i.__0vprintf$7) refers to stdout.o(.data) for __stdout
    printf7.o(i.__0vsnprintf$7) refers to printf7.o(i._printf_core) for _printf_core
    printf7.o(i.__0vsnprintf$7) refers to printf7.o(i._snputc) for _snputc
    printf7.o(i.__0vsprintf$7) refers to printf7.o(i._printf_core) for _printf_core
    printf7.o(i.__0vsprintf$7) refers to printf7.o(i._sputc) for _sputc
    printf7.o(i._printf_core) refers to printf7.o(i._printf_pre_padding) for _printf_pre_padding
    printf7.o(i._printf_core) refers to uldiv.o(.text) for __aeabi_uldivmod
    printf7.o(i._printf_core) refers to printf7.o(i._printf_post_padding) for _printf_post_padding
    printf8.o(i.__0fprintf$8) refers to printf8.o(i._printf_core) for _printf_core
    printf8.o(i.__0fprintf$8) refers to fputc.o(i.fputc) for fputc
    printf8.o(i.__0printf$8) refers to printf8.o(i._printf_core) for _printf_core
    printf8.o(i.__0printf$8) refers to fputc.o(i.fputc) for fputc
    printf8.o(i.__0printf$8) refers to stdout.o(.data) for __stdout
    printf8.o(i.__0snprintf$8) refers to printf8.o(i._printf_core) for _printf_core
    printf8.o(i.__0snprintf$8) refers to printf8.o(i._snputc) for _snputc
    printf8.o(i.__0sprintf$8) refers to printf8.o(i._printf_core) for _printf_core
    printf8.o(i.__0sprintf$8) refers to printf8.o(i._sputc) for _sputc
    printf8.o(i.__0vfprintf$8) refers to printf8.o(i._printf_core) for _printf_core
    printf8.o(i.__0vfprintf$8) refers to fputc.o(i.fputc) for fputc
    printf8.o(i.__0vprintf$8) refers to printf8.o(i._printf_core) for _printf_core
    printf8.o(i.__0vprintf$8) refers to fputc.o(i.fputc) for fputc
    printf8.o(i.__0vprintf$8) refers to stdout.o(.data) for __stdout
    printf8.o(i.__0vsnprintf$8) refers to printf8.o(i._printf_core) for _printf_core
    printf8.o(i.__0vsnprintf$8) refers to printf8.o(i._snputc) for _snputc
    printf8.o(i.__0vsprintf$8) refers to printf8.o(i._printf_core) for _printf_core
    printf8.o(i.__0vsprintf$8) refers to printf8.o(i._sputc) for _sputc
    printf8.o(i._printf_core) refers to printf8.o(i._printf_pre_padding) for _printf_pre_padding
    printf8.o(i._printf_core) refers to uldiv.o(.text) for __aeabi_uldivmod
    printf8.o(i._printf_core) refers to printf8.o(i._printf_post_padding) for _printf_post_padding
    printfa.o(i.__0fprintf) refers (Special) to iusefp.o(.text) for __I$use$fp
    printfa.o(i.__0fprintf) refers to printfa.o(i._printf_core) for _printf_core
    printfa.o(i.__0fprintf) refers to fputc.o(i.fputc) for fputc
    printfa.o(i.__0printf) refers (Special) to iusefp.o(.text) for __I$use$fp
    printfa.o(i.__0printf) refers to printfa.o(i._printf_core) for _printf_core
    printfa.o(i.__0printf) refers to fputc.o(i.fputc) for fputc
    printfa.o(i.__0printf) refers to stdout.o(.data) for __stdout
    printfa.o(i.__0snprintf) refers (Special) to iusefp.o(.text) for __I$use$fp
    printfa.o(i.__0snprintf) refers to printfa.o(i._printf_core) for _printf_core
    printfa.o(i.__0snprintf) refers to printfa.o(i._snputc) for _snputc
    printfa.o(i.__0sprintf) refers (Special) to iusefp.o(.text) for __I$use$fp
    printfa.o(i.__0sprintf) refers to printfa.o(i._printf_core) for _printf_core
    printfa.o(i.__0sprintf) refers to printfa.o(i._sputc) for _sputc
    printfa.o(i.__0vfprintf) refers (Special) to iusefp.o(.text) for __I$use$fp
    printfa.o(i.__0vfprintf) refers to printfa.o(i._printf_core) for _printf_core
    printfa.o(i.__0vfprintf) refers to fputc.o(i.fputc) for fputc
    printfa.o(i.__0vprintf) refers (Special) to iusefp.o(.text) for __I$use$fp
    printfa.o(i.__0vprintf) refers to printfa.o(i._printf_core) for _printf_core
    printfa.o(i.__0vprintf) refers to fputc.o(i.fputc) for fputc
    printfa.o(i.__0vprintf) refers to stdout.o(.data) for __stdout
    printfa.o(i.__0vsnprintf) refers (Special) to iusefp.o(.text) for __I$use$fp
    printfa.o(i.__0vsnprintf) refers to printfa.o(i._printf_core) for _printf_core
    printfa.o(i.__0vsnprintf) refers to printfa.o(i._snputc) for _snputc
    printfa.o(i.__0vsprintf) refers (Special) to iusefp.o(.text) for __I$use$fp
    printfa.o(i.__0vsprintf) refers to printfa.o(i._printf_core) for _printf_core
    printfa.o(i.__0vsprintf) refers to printfa.o(i._sputc) for _sputc
    printfa.o(i._fp_digits) refers (Special) to iusefp.o(.text) for __I$use$fp
    printfa.o(i._fp_digits) refers to dmul.o(.text) for __aeabi_dmul
    printfa.o(i._fp_digits) refers to ddiv.o(.text) for __aeabi_ddiv
    printfa.o(i._fp_digits) refers to cdrcmple.o(.text) for __aeabi_cdrcmple
    printfa.o(i._fp_digits) refers to dadd.o(.text) for __aeabi_dadd
    printfa.o(i._fp_digits) refers to dfixul.o(.text) for __aeabi_d2ulz
    printfa.o(i._fp_digits) refers to uldiv.o(.text) for __aeabi_uldivmod
    printfa.o(i._printf_core) refers (Special) to iusefp.o(.text) for __I$use$fp
    printfa.o(i._printf_core) refers to printfa.o(i._printf_pre_padding) for _printf_pre_padding
    printfa.o(i._printf_core) refers to uldiv.o(.text) for __aeabi_uldivmod
    printfa.o(i._printf_core) refers to printfa.o(i._printf_post_padding) for _printf_post_padding
    printfa.o(i._printf_core) refers to printfa.o(i._fp_digits) for _fp_digits
    printfa.o(i._printf_core) refers to uidiv.o(.text) for __aeabi_uidivmod
    printfa.o(i._printf_post_padding) refers (Special) to iusefp.o(.text) for __I$use$fp
    printfa.o(i._printf_pre_padding) refers (Special) to iusefp.o(.text) for __I$use$fp
    printfa.o(i._snputc) refers (Special) to iusefp.o(.text) for __I$use$fp
    printfa.o(i._sputc) refers (Special) to iusefp.o(.text) for __I$use$fp
    malloc.o(i.free) refers to mvars.o(.data) for __microlib_freelist
    malloc.o(i.malloc) refers to mvars.o(.data) for __microlib_freelist_initialised
    malloc.o(i.malloc) refers to mvars.o(.data) for __microlib_freelist
    malloc.o(i.malloc) refers to startup_stm32f100xb.o(HEAP) for __heap_base
    mallocr.o(i.__free$realloc) refers to mvars.o(.data) for __microlib_freelist
    mallocr.o(i.__malloc$realloc) refers to mallocr.o(i.internal_alloc) for internal_alloc
    mallocr.o(i.__malloc$realloc) refers to mvars.o(.data) for __microlib_freelist_initialised
    mallocr.o(i.__malloc$realloc) refers to startup_stm32f100xb.o(HEAP) for __heap_base
    mallocr.o(i.__malloc$realloc) refers to mvars.o(.data) for __microlib_freelist
    mallocr.o(i.internal_alloc) refers to memcpya.o(.text) for __aeabi_memcpy
    mallocr.o(i.internal_alloc) refers to mvars.o(.data) for __microlib_freelist
    mallocr.o(i.realloc) refers to mallocr.o(i.__free$realloc) for __free$realloc
    mallocr.o(i.realloc) refers to mallocr.o(i.internal_alloc) for internal_alloc
    mallocr.o(i.realloc) refers to mallocr.o(i.__malloc$realloc) for __malloc$realloc
    mallocr.o(i.realloc) refers to mvars.o(.data) for __microlib_freelist
    malloca.o(i.__aligned_malloc) refers to mvars.o(.data) for __microlib_freelist_initialised
    malloca.o(i.__aligned_malloc) refers to mvars.o(.data) for __microlib_freelist
    malloca.o(i.__aligned_malloc) refers to startup_stm32f100xb.o(HEAP) for __heap_base
    malloca.o(i.__free$memalign) refers to mvars.o(.data) for __microlib_freelist
    malloca.o(i.__malloc$memalign) refers to malloca.o(i.__aligned_malloc) for __aligned_malloc
    mallocra.o(i.__aligned_malloc$realloc) refers to mallocra.o(i.internal_alloc) for internal_alloc
    mallocra.o(i.__aligned_malloc$realloc) refers to mvars.o(.data) for __microlib_freelist_initialised
    mallocra.o(i.__aligned_malloc$realloc) refers to startup_stm32f100xb.o(HEAP) for __heap_base
    mallocra.o(i.__aligned_malloc$realloc) refers to mvars.o(.data) for __microlib_freelist
    mallocra.o(i.__free$realloc$memalign) refers to mvars.o(.data) for __microlib_freelist
    mallocra.o(i.__malloc$realloc$memalign) refers to mallocra.o(i.__aligned_malloc$realloc) for __aligned_malloc$realloc
    mallocra.o(i.__realloc$memalign) refers to mallocra.o(i.__free$realloc$memalign) for __free$realloc$memalign
    mallocra.o(i.__realloc$memalign) refers to mallocra.o(i.internal_alloc) for internal_alloc
    mallocra.o(i.__realloc$memalign) refers to mallocra.o(i.__malloc$realloc$memalign) for __malloc$realloc$memalign
    mallocra.o(i.__realloc$memalign) refers to mvars.o(.data) for __microlib_freelist
    mallocra.o(i.internal_alloc) refers to memcpya.o(.text) for __aeabi_memcpy
    mallocra.o(i.internal_alloc) refers to mvars.o(.data) for __microlib_freelist
    entry2.o(.ARM.Collect$$$$00000001) refers to entry2.o(.ARM.Collect$$$$00002712) for __lit__00000000
    entry2.o(.ARM.Collect$$$$00002712) refers to startup_stm32f100xb.o(STACK) for __initial_sp
    entry2.o(__vectab_stack_and_reset_area) refers to startup_stm32f100xb.o(STACK) for __initial_sp
    entry2.o(__vectab_stack_and_reset_area) refers to entry.o(.ARM.Collect$$$$00000000) for __main
    entry5.o(.ARM.Collect$$$$00000004) refers to init.o(.text) for __scatterload
    entry9a.o(.ARM.Collect$$$$0000000B) refers to main.o(i.main) for main
    entry9b.o(.ARM.Collect$$$$0000000C) refers to main.o(i.main) for main
    fputc.o(i.fputc) refers (Special) to iusesemip.o(.text) for __I$use$semihosting$fputc
    fputc.o(i.fputc) refers (Special) to semi.o(.text) for __semihosting_library_function
    uldiv.o(.text) refers to llushr.o(.text) for __aeabi_llsr
    uldiv.o(.text) refers to llshl.o(.text) for __aeabi_llsl
    dadd.o(.text) refers to llshl.o(.text) for __aeabi_llsl
    dadd.o(.text) refers to llsshr.o(.text) for __aeabi_lasr
    dadd.o(.text) refers to depilogue.o(.text) for _double_epilogue
    dmul.o(.text) refers to depilogue.o(.text) for _double_epilogue
    ddiv.o(.text) refers to depilogue.o(.text) for _double_round
    dfixul.o(.text) refers to llushr.o(.text) for __aeabi_llsr
    dfixul.o(.text) refers to llshl.o(.text) for __aeabi_llsl
    init.o(.text) refers to entry5.o(.ARM.Collect$$$$00000004) for __main_after_scatterload
    depilogue.o(.text) refers to llshl.o(.text) for __aeabi_llsl
    depilogue.o(.text) refers to llushr.o(.text) for __aeabi_llsr


==============================================================================

Removing Unused input sections from the image.

    Removing startup_stm32f100xb.o(HEAP), (512 bytes).
    Removing main.o(.rev16_text), (4 bytes).
    Removing main.o(.revsh_text), (4 bytes).
    Removing main.o(.rrx_text), (6 bytes).
    Removing main.o(i.Error_Handler), (2 bytes).
    Removing main.o(.data), (1 bytes).
    Removing stm32f1xx_it.o(.rev16_text), (4 bytes).
    Removing stm32f1xx_it.o(.revsh_text), (4 bytes).
    Removing stm32f1xx_it.o(.rrx_text), (6 bytes).
    Removing stm32f1xx_hal_msp.o(.rev16_text), (4 bytes).
    Removing stm32f1xx_hal_msp.o(.revsh_text), (4 bytes).
    Removing stm32f1xx_hal_msp.o(.rrx_text), (6 bytes).
    Removing stm32f1xx_hal_msp.o(i.HAL_UART_MspDeInit), (84 bytes).
    Removing ringbuffer.o(.rev16_text), (4 bytes).
    Removing ringbuffer.o(.revsh_text), (4 bytes).
    Removing ringbuffer.o(.rrx_text), (6 bytes).
    Removing ringbuffer.o(i.rbGetCount), (22 bytes).
    Removing ringbuffer.o(i.rbIsFull), (30 bytes).
    Removing ringbuffer.o(i.rbPush), (36 bytes).
    Removing trans_recieve_buff_control.o(.rev16_text), (4 bytes).
    Removing trans_recieve_buff_control.o(.revsh_text), (4 bytes).
    Removing trans_recieve_buff_control.o(.rrx_text), (6 bytes).
    Removing trans_recieve_buff_control.o(i.Modbus_Master_GetByte_Size), (28 bytes).
    Removing trans_recieve_buff_control.o(i.Modbus_Master_RB_Initialize), (24 bytes).
    Removing trans_recieve_buff_control.o(i.Modbus_Master_Receive_Handler), (64 bytes).
    Removing modbus_master.o(.rev16_text), (4 bytes).
    Removing modbus_master.o(.revsh_text), (4 bytes).
    Removing modbus_master.o(.rrx_text), (6 bytes).
    Removing modbus_master.o(i.ModbusMaster_available), (16 bytes).
    Removing modbus_master.o(i.ModbusMaster_begin), (44 bytes).
    Removing modbus_master.o(i.ModbusMaster_beginTransmission), (16 bytes).
    Removing modbus_master.o(i.ModbusMaster_clearResponseBuffer), (28 bytes).
    Removing modbus_master.o(i.ModbusMaster_clearTransmitBuffer), (28 bytes).
    Removing modbus_master.o(i.ModbusMaster_getResponseBuffer), (24 bytes).
    Removing modbus_master.o(i.ModbusMaster_maskWriteRegister), (32 bytes).
    Removing modbus_master.o(i.ModbusMaster_readCoils), (20 bytes).
    Removing modbus_master.o(i.ModbusMaster_readDiscreteInputs), (20 bytes).
    Removing modbus_master.o(i.ModbusMaster_readHoldingRegisters), (20 bytes).
    Removing modbus_master.o(i.ModbusMaster_readInputRegisters), (20 bytes).
    Removing modbus_master.o(i.ModbusMaster_readWriteMultipleRegisters), (28 bytes).
    Removing modbus_master.o(i.ModbusMaster_receive), (36 bytes).
    Removing modbus_master.o(i.ModbusMaster_requestFrom), (16 bytes).
    Removing modbus_master.o(i.ModbusMaster_send16), (36 bytes).
    Removing modbus_master.o(i.ModbusMaster_send32), (20 bytes).
    Removing modbus_master.o(i.ModbusMaster_send8), (4 bytes).
    Removing modbus_master.o(i.ModbusMaster_sendBit), (80 bytes).
    Removing modbus_master.o(i.ModbusMaster_setTransmitBuffer), (24 bytes).
    Removing modbus_master.o(i.ModbusMaster_writeMultipleCoils), (20 bytes).
    Removing modbus_master.o(i.ModbusMaster_writeMultipleRegisters), (20 bytes).
    Removing modbus_master.o(i.ModbusMaster_writeSingleCoil), (28 bytes).
    Removing modbus_master.o(i.idle), (6 bytes).
    Removing modbus_master.o(.data), (4 bytes).
    Removing modbus_master.o(.data), (4 bytes).
    Removing stm32f1xx_hal_gpio_ex.o(.rev16_text), (4 bytes).
    Removing stm32f1xx_hal_gpio_ex.o(.revsh_text), (4 bytes).
    Removing stm32f1xx_hal_gpio_ex.o(.rrx_text), (6 bytes).
    Removing stm32f1xx_hal_gpio_ex.o(i.HAL_GPIOEx_ConfigEventout), (20 bytes).
    Removing stm32f1xx_hal_gpio_ex.o(i.HAL_GPIOEx_DisableEventout), (16 bytes).
    Removing stm32f1xx_hal_gpio_ex.o(i.HAL_GPIOEx_EnableEventout), (16 bytes).
    Removing stm32f1xx_hal_tim.o(.rev16_text), (4 bytes).
    Removing stm32f1xx_hal_tim.o(.revsh_text), (4 bytes).
    Removing stm32f1xx_hal_tim.o(.rrx_text), (6 bytes).
    Removing stm32f1xx_hal_tim_ex.o(.rev16_text), (4 bytes).
    Removing stm32f1xx_hal_tim_ex.o(.revsh_text), (4 bytes).
    Removing stm32f1xx_hal_tim_ex.o(.rrx_text), (6 bytes).
    Removing stm32f1xx_hal_uart.o(.rev16_text), (4 bytes).
    Removing stm32f1xx_hal_uart.o(.revsh_text), (4 bytes).
    Removing stm32f1xx_hal_uart.o(.rrx_text), (6 bytes).
    Removing stm32f1xx_hal_uart.o(i.HAL_HalfDuplex_EnableReceiver), (50 bytes).
    Removing stm32f1xx_hal_uart.o(i.HAL_HalfDuplex_EnableTransmitter), (50 bytes).
    Removing stm32f1xx_hal_uart.o(i.HAL_HalfDuplex_Init), (108 bytes).
    Removing stm32f1xx_hal_uart.o(i.HAL_LIN_Init), (122 bytes).
    Removing stm32f1xx_hal_uart.o(i.HAL_LIN_SendBreak), (46 bytes).
    Removing stm32f1xx_hal_uart.o(i.HAL_MultiProcessor_EnterMuteMode), (46 bytes).
    Removing stm32f1xx_hal_uart.o(i.HAL_MultiProcessor_ExitMuteMode), (46 bytes).
    Removing stm32f1xx_hal_uart.o(i.HAL_MultiProcessor_Init), (130 bytes).
    Removing stm32f1xx_hal_uart.o(i.HAL_UART_Abort), (104 bytes).
    Removing stm32f1xx_hal_uart.o(i.HAL_UART_AbortCpltCallback), (2 bytes).
    Removing stm32f1xx_hal_uart.o(i.HAL_UART_AbortReceiveCpltCallback), (2 bytes).
    Removing stm32f1xx_hal_uart.o(i.HAL_UART_AbortReceive_IT), (92 bytes).
    Removing stm32f1xx_hal_uart.o(i.HAL_UART_AbortTransmit), (58 bytes).
    Removing stm32f1xx_hal_uart.o(i.HAL_UART_AbortTransmitCpltCallback), (2 bytes).
    Removing stm32f1xx_hal_uart.o(i.HAL_UART_AbortTransmit_IT), (84 bytes).
    Removing stm32f1xx_hal_uart.o(i.HAL_UART_Abort_IT), (172 bytes).
    Removing stm32f1xx_hal_uart.o(i.HAL_UART_DMAPause), (102 bytes).
    Removing stm32f1xx_hal_uart.o(i.HAL_UART_DMAResume), (94 bytes).
    Removing stm32f1xx_hal_uart.o(i.HAL_UART_DMAStop), (88 bytes).
    Removing stm32f1xx_hal_uart.o(i.HAL_UART_DeInit), (40 bytes).
    Removing stm32f1xx_hal_uart.o(i.HAL_UART_GetError), (4 bytes).
    Removing stm32f1xx_hal_uart.o(i.HAL_UART_GetState), (10 bytes).
    Removing stm32f1xx_hal_uart.o(i.HAL_UART_MspDeInit), (2 bytes).
    Removing stm32f1xx_hal_uart.o(i.HAL_UART_MspInit), (2 bytes).
    Removing stm32f1xx_hal_uart.o(i.HAL_UART_Receive_DMA), (152 bytes).
    Removing stm32f1xx_hal_uart.o(i.HAL_UART_Receive_IT), (82 bytes).
    Removing stm32f1xx_hal_uart.o(i.HAL_UART_RxHalfCpltCallback), (2 bytes).
    Removing stm32f1xx_hal_uart.o(i.HAL_UART_Transmit_DMA), (128 bytes).
    Removing stm32f1xx_hal_uart.o(i.HAL_UART_Transmit_IT), (62 bytes).
    Removing stm32f1xx_hal_uart.o(i.HAL_UART_TxHalfCpltCallback), (2 bytes).
    Removing stm32f1xx_hal_uart.o(i.UART_DMAError), (74 bytes).
    Removing stm32f1xx_hal_uart.o(i.UART_DMAReceiveCplt), (60 bytes).
    Removing stm32f1xx_hal_uart.o(i.UART_DMARxAbortCallback), (42 bytes).
    Removing stm32f1xx_hal_uart.o(i.UART_DMARxHalfCplt), (10 bytes).
    Removing stm32f1xx_hal_uart.o(i.UART_DMARxOnlyAbortCallback), (20 bytes).
    Removing stm32f1xx_hal_uart.o(i.UART_DMATransmitCplt), (46 bytes).
    Removing stm32f1xx_hal_uart.o(i.UART_DMATxAbortCallback), (42 bytes).
    Removing stm32f1xx_hal_uart.o(i.UART_DMATxHalfCplt), (10 bytes).
    Removing stm32f1xx_hal_uart.o(i.UART_DMATxOnlyAbortCallback), (20 bytes).
    Removing stm32f1xx_hal_uart.o(i.UART_EndTxTransfer), (18 bytes).
    Removing stm32f1xx_hal.o(.rev16_text), (4 bytes).
    Removing stm32f1xx_hal.o(.revsh_text), (4 bytes).
    Removing stm32f1xx_hal.o(.rrx_text), (6 bytes).
    Removing stm32f1xx_hal.o(i.HAL_DBGMCU_DisableDBGSleepMode), (16 bytes).
    Removing stm32f1xx_hal.o(i.HAL_DBGMCU_DisableDBGStandbyMode), (16 bytes).
    Removing stm32f1xx_hal.o(i.HAL_DBGMCU_DisableDBGStopMode), (16 bytes).
    Removing stm32f1xx_hal.o(i.HAL_DBGMCU_EnableDBGSleepMode), (16 bytes).
    Removing stm32f1xx_hal.o(i.HAL_DBGMCU_EnableDBGStandbyMode), (16 bytes).
    Removing stm32f1xx_hal.o(i.HAL_DBGMCU_EnableDBGStopMode), (16 bytes).
    Removing stm32f1xx_hal.o(i.HAL_DeInit), (32 bytes).
    Removing stm32f1xx_hal.o(i.HAL_GetDEVID), (16 bytes).
    Removing stm32f1xx_hal.o(i.HAL_GetHalVersion), (8 bytes).
    Removing stm32f1xx_hal.o(i.HAL_GetREVID), (12 bytes).
    Removing stm32f1xx_hal.o(i.HAL_GetTickFreq), (12 bytes).
    Removing stm32f1xx_hal.o(i.HAL_GetTickPrio), (12 bytes).
    Removing stm32f1xx_hal.o(i.HAL_GetUID), (28 bytes).
    Removing stm32f1xx_hal.o(i.HAL_MspDeInit), (2 bytes).
    Removing stm32f1xx_hal.o(i.HAL_MspInit), (2 bytes).
    Removing stm32f1xx_hal.o(i.HAL_ResumeTick), (14 bytes).
    Removing stm32f1xx_hal.o(i.HAL_SetTickFreq), (28 bytes).
    Removing stm32f1xx_hal.o(i.HAL_SuspendTick), (14 bytes).
    Removing stm32f1xx_hal_rcc.o(.rev16_text), (4 bytes).
    Removing stm32f1xx_hal_rcc.o(.revsh_text), (4 bytes).
    Removing stm32f1xx_hal_rcc.o(.rrx_text), (6 bytes).
    Removing stm32f1xx_hal_rcc.o(i.HAL_RCC_CSSCallback), (2 bytes).
    Removing stm32f1xx_hal_rcc.o(i.HAL_RCC_DeInit), (216 bytes).
    Removing stm32f1xx_hal_rcc.o(i.HAL_RCC_DisableCSS), (12 bytes).
    Removing stm32f1xx_hal_rcc.o(i.HAL_RCC_EnableCSS), (12 bytes).
    Removing stm32f1xx_hal_rcc.o(i.HAL_RCC_GetClockConfig), (52 bytes).
    Removing stm32f1xx_hal_rcc.o(i.HAL_RCC_GetHCLKFreq), (12 bytes).
    Removing stm32f1xx_hal_rcc.o(i.HAL_RCC_GetOscConfig), (144 bytes).
    Removing stm32f1xx_hal_rcc.o(i.HAL_RCC_MCOConfig), (72 bytes).
    Removing stm32f1xx_hal_rcc.o(i.HAL_RCC_NMI_IRQHandler), (24 bytes).
    Removing stm32f1xx_hal_rcc_ex.o(.rev16_text), (4 bytes).
    Removing stm32f1xx_hal_rcc_ex.o(.revsh_text), (4 bytes).
    Removing stm32f1xx_hal_rcc_ex.o(.rrx_text), (6 bytes).
    Removing stm32f1xx_hal_rcc_ex.o(i.HAL_RCCEx_GetPeriphCLKConfig), (32 bytes).
    Removing stm32f1xx_hal_rcc_ex.o(i.HAL_RCCEx_GetPeriphCLKFreq), (92 bytes).
    Removing stm32f1xx_hal_rcc_ex.o(i.HAL_RCCEx_PeriphCLKConfig), (220 bytes).
    Removing stm32f1xx_hal_gpio.o(.rev16_text), (4 bytes).
    Removing stm32f1xx_hal_gpio.o(.revsh_text), (4 bytes).
    Removing stm32f1xx_hal_gpio.o(.rrx_text), (6 bytes).
    Removing stm32f1xx_hal_gpio.o(i.HAL_GPIO_DeInit), (228 bytes).
    Removing stm32f1xx_hal_gpio.o(i.HAL_GPIO_EXTI_Callback), (2 bytes).
    Removing stm32f1xx_hal_gpio.o(i.HAL_GPIO_EXTI_IRQHandler), (24 bytes).
    Removing stm32f1xx_hal_gpio.o(i.HAL_GPIO_LockPin), (34 bytes).
    Removing stm32f1xx_hal_gpio.o(i.HAL_GPIO_ReadPin), (10 bytes).
    Removing stm32f1xx_hal_gpio.o(i.HAL_GPIO_TogglePin), (8 bytes).
    Removing stm32f1xx_hal_dma.o(.rev16_text), (4 bytes).
    Removing stm32f1xx_hal_dma.o(.revsh_text), (4 bytes).
    Removing stm32f1xx_hal_dma.o(.rrx_text), (6 bytes).
    Removing stm32f1xx_hal_dma.o(i.DMA_SetConfig), (42 bytes).
    Removing stm32f1xx_hal_dma.o(i.HAL_DMA_DeInit), (92 bytes).
    Removing stm32f1xx_hal_dma.o(i.HAL_DMA_GetError), (4 bytes).
    Removing stm32f1xx_hal_dma.o(i.HAL_DMA_GetState), (6 bytes).
    Removing stm32f1xx_hal_dma.o(i.HAL_DMA_IRQHandler), (340 bytes).
    Removing stm32f1xx_hal_dma.o(i.HAL_DMA_Init), (92 bytes).
    Removing stm32f1xx_hal_dma.o(i.HAL_DMA_PollForTransfer), (532 bytes).
    Removing stm32f1xx_hal_dma.o(i.HAL_DMA_RegisterCallback), (74 bytes).
    Removing stm32f1xx_hal_dma.o(i.HAL_DMA_Start), (80 bytes).
    Removing stm32f1xx_hal_dma.o(i.HAL_DMA_Start_IT), (112 bytes).
    Removing stm32f1xx_hal_dma.o(i.HAL_DMA_UnRegisterCallback), (82 bytes).
    Removing stm32f1xx_hal_cortex.o(.rev16_text), (4 bytes).
    Removing stm32f1xx_hal_cortex.o(.revsh_text), (4 bytes).
    Removing stm32f1xx_hal_cortex.o(.rrx_text), (6 bytes).
    Removing stm32f1xx_hal_cortex.o(i.HAL_NVIC_ClearPendingIRQ), (22 bytes).
    Removing stm32f1xx_hal_cortex.o(i.HAL_NVIC_DisableIRQ), (22 bytes).
    Removing stm32f1xx_hal_cortex.o(i.HAL_NVIC_GetActive), (32 bytes).
    Removing stm32f1xx_hal_cortex.o(i.HAL_NVIC_GetPendingIRQ), (32 bytes).
    Removing stm32f1xx_hal_cortex.o(i.HAL_NVIC_GetPriority), (82 bytes).
    Removing stm32f1xx_hal_cortex.o(i.HAL_NVIC_GetPriorityGrouping), (16 bytes).
    Removing stm32f1xx_hal_cortex.o(i.HAL_NVIC_SetPendingIRQ), (22 bytes).
    Removing stm32f1xx_hal_cortex.o(i.HAL_NVIC_SystemReset), (36 bytes).
    Removing stm32f1xx_hal_cortex.o(i.HAL_SYSTICK_CLKSourceConfig), (24 bytes).
    Removing stm32f1xx_hal_cortex.o(i.HAL_SYSTICK_Callback), (2 bytes).
    Removing stm32f1xx_hal_cortex.o(i.HAL_SYSTICK_IRQHandler), (8 bytes).
    Removing stm32f1xx_hal_pwr.o(.rev16_text), (4 bytes).
    Removing stm32f1xx_hal_pwr.o(.revsh_text), (4 bytes).
    Removing stm32f1xx_hal_pwr.o(.rrx_text), (6 bytes).
    Removing stm32f1xx_hal_pwr.o(i.HAL_PWR_ConfigPVD), (124 bytes).
    Removing stm32f1xx_hal_pwr.o(i.HAL_PWR_DeInit), (24 bytes).
    Removing stm32f1xx_hal_pwr.o(i.HAL_PWR_DisableBkUpAccess), (12 bytes).
    Removing stm32f1xx_hal_pwr.o(i.HAL_PWR_DisablePVD), (12 bytes).
    Removing stm32f1xx_hal_pwr.o(i.HAL_PWR_DisableSEVOnPend), (16 bytes).
    Removing stm32f1xx_hal_pwr.o(i.HAL_PWR_DisableSleepOnExit), (16 bytes).
    Removing stm32f1xx_hal_pwr.o(i.HAL_PWR_DisableWakeUpPin), (28 bytes).
    Removing stm32f1xx_hal_pwr.o(i.HAL_PWR_EnableBkUpAccess), (12 bytes).
    Removing stm32f1xx_hal_pwr.o(i.HAL_PWR_EnablePVD), (12 bytes).
    Removing stm32f1xx_hal_pwr.o(i.HAL_PWR_EnableSEVOnPend), (16 bytes).
    Removing stm32f1xx_hal_pwr.o(i.HAL_PWR_EnableSleepOnExit), (16 bytes).
    Removing stm32f1xx_hal_pwr.o(i.HAL_PWR_EnableWakeUpPin), (28 bytes).
    Removing stm32f1xx_hal_pwr.o(i.HAL_PWR_EnterSLEEPMode), (32 bytes).
    Removing stm32f1xx_hal_pwr.o(i.HAL_PWR_EnterSTANDBYMode), (32 bytes).
    Removing stm32f1xx_hal_pwr.o(i.HAL_PWR_EnterSTOPMode), (68 bytes).
    Removing stm32f1xx_hal_pwr.o(i.HAL_PWR_PVDCallback), (2 bytes).
    Removing stm32f1xx_hal_pwr.o(i.HAL_PWR_PVD_IRQHandler), (28 bytes).
    Removing stm32f1xx_hal_pwr.o(i.PWR_OverloadWfe), (6 bytes).
    Removing stm32f1xx_hal_flash.o(.rev16_text), (4 bytes).
    Removing stm32f1xx_hal_flash.o(.revsh_text), (4 bytes).
    Removing stm32f1xx_hal_flash.o(.rrx_text), (6 bytes).
    Removing stm32f1xx_hal_flash.o(i.FLASH_Program_HalfWord), (28 bytes).
    Removing stm32f1xx_hal_flash.o(i.FLASH_SetErrorCode), (92 bytes).
    Removing stm32f1xx_hal_flash.o(i.FLASH_WaitForLastOperation), (84 bytes).
    Removing stm32f1xx_hal_flash.o(i.HAL_FLASH_EndOfOperationCallback), (2 bytes).
    Removing stm32f1xx_hal_flash.o(i.HAL_FLASH_GetError), (12 bytes).
    Removing stm32f1xx_hal_flash.o(i.HAL_FLASH_IRQHandler), (264 bytes).
    Removing stm32f1xx_hal_flash.o(i.HAL_FLASH_Lock), (20 bytes).
    Removing stm32f1xx_hal_flash.o(i.HAL_FLASH_OB_Launch), (4 bytes).
    Removing stm32f1xx_hal_flash.o(i.HAL_FLASH_OB_Lock), (20 bytes).
    Removing stm32f1xx_hal_flash.o(i.HAL_FLASH_OB_Unlock), (36 bytes).
    Removing stm32f1xx_hal_flash.o(i.HAL_FLASH_OperationErrorCallback), (2 bytes).
    Removing stm32f1xx_hal_flash.o(i.HAL_FLASH_Program), (128 bytes).
    Removing stm32f1xx_hal_flash.o(i.HAL_FLASH_Program_IT), (100 bytes).
    Removing stm32f1xx_hal_flash.o(i.HAL_FLASH_Unlock), (40 bytes).
    Removing stm32f1xx_hal_flash.o(.bss), (32 bytes).
    Removing stm32f1xx_hal_flash_ex.o(.rev16_text), (4 bytes).
    Removing stm32f1xx_hal_flash_ex.o(.revsh_text), (4 bytes).
    Removing stm32f1xx_hal_flash_ex.o(.rrx_text), (6 bytes).
    Removing stm32f1xx_hal_flash_ex.o(i.FLASH_MassErase), (36 bytes).
    Removing stm32f1xx_hal_flash_ex.o(i.FLASH_OB_DisableWRP), (176 bytes).
    Removing stm32f1xx_hal_flash_ex.o(i.FLASH_OB_EnableWRP), (176 bytes).
    Removing stm32f1xx_hal_flash_ex.o(i.FLASH_OB_GetRDP), (24 bytes).
    Removing stm32f1xx_hal_flash_ex.o(i.FLASH_OB_RDP_LevelConfig), (100 bytes).
    Removing stm32f1xx_hal_flash_ex.o(i.FLASH_PageErase), (36 bytes).
    Removing stm32f1xx_hal_flash_ex.o(i.HAL_FLASHEx_Erase), (168 bytes).
    Removing stm32f1xx_hal_flash_ex.o(i.HAL_FLASHEx_Erase_IT), (84 bytes).
    Removing stm32f1xx_hal_flash_ex.o(i.HAL_FLASHEx_OBErase), (84 bytes).
    Removing stm32f1xx_hal_flash_ex.o(i.HAL_FLASHEx_OBGetConfig), (36 bytes).
    Removing stm32f1xx_hal_flash_ex.o(i.HAL_FLASHEx_OBGetUserData), (32 bytes).
    Removing stm32f1xx_hal_flash_ex.o(i.HAL_FLASHEx_OBProgram), (200 bytes).
    Removing system_stm32f1xx.o(.rev16_text), (4 bytes).
    Removing system_stm32f1xx.o(.revsh_text), (4 bytes).
    Removing system_stm32f1xx.o(.rrx_text), (6 bytes).
    Removing system_stm32f1xx.o(i.SystemCoreClockUpdate), (112 bytes).
    Removing dadd.o(.text), (334 bytes).
    Removing dmul.o(.text), (228 bytes).
    Removing ddiv.o(.text), (222 bytes).
    Removing dfixul.o(.text), (48 bytes).
    Removing cdrcmple.o(.text), (48 bytes).
    Removing depilogue.o(.text), (186 bytes).

248 unused section(s) (total 10859 bytes) removed from the image.

==============================================================================

Image Symbol Table

    Local Symbols

    Symbol Name                              Value     Ov Type        Size  Object(Section)

    ../Drivers/STM32F1xx_HAL_Driver/Src/stm32f1xx_hal.c 0x00000000   Number         0  stm32f1xx_hal.o ABSOLUTE
    ../Drivers/STM32F1xx_HAL_Driver/Src/stm32f1xx_hal_cortex.c 0x00000000   Number         0  stm32f1xx_hal_cortex.o ABSOLUTE
    ../Drivers/STM32F1xx_HAL_Driver/Src/stm32f1xx_hal_dma.c 0x00000000   Number         0  stm32f1xx_hal_dma.o ABSOLUTE
    ../Drivers/STM32F1xx_HAL_Driver/Src/stm32f1xx_hal_flash.c 0x00000000   Number         0  stm32f1xx_hal_flash.o ABSOLUTE
    ../Drivers/STM32F1xx_HAL_Driver/Src/stm32f1xx_hal_flash_ex.c 0x00000000   Number         0  stm32f1xx_hal_flash_ex.o ABSOLUTE
    ../Drivers/STM32F1xx_HAL_Driver/Src/stm32f1xx_hal_gpio.c 0x00000000   Number         0  stm32f1xx_hal_gpio.o ABSOLUTE
    ../Drivers/STM32F1xx_HAL_Driver/Src/stm32f1xx_hal_gpio_ex.c 0x00000000   Number         0  stm32f1xx_hal_gpio_ex.o ABSOLUTE
    ../Drivers/STM32F1xx_HAL_Driver/Src/stm32f1xx_hal_pwr.c 0x00000000   Number         0  stm32f1xx_hal_pwr.o ABSOLUTE
    ../Drivers/STM32F1xx_HAL_Driver/Src/stm32f1xx_hal_rcc.c 0x00000000   Number         0  stm32f1xx_hal_rcc.o ABSOLUTE
    ../Drivers/STM32F1xx_HAL_Driver/Src/stm32f1xx_hal_rcc_ex.c 0x00000000   Number         0  stm32f1xx_hal_rcc_ex.o ABSOLUTE
    ../Drivers/STM32F1xx_HAL_Driver/Src/stm32f1xx_hal_tim.c 0x00000000   Number         0  stm32f1xx_hal_tim.o ABSOLUTE
    ../Drivers/STM32F1xx_HAL_Driver/Src/stm32f1xx_hal_tim_ex.c 0x00000000   Number         0  stm32f1xx_hal_tim_ex.o ABSOLUTE
    ../Drivers/STM32F1xx_HAL_Driver/Src/stm32f1xx_hal_uart.c 0x00000000   Number         0  stm32f1xx_hal_uart.o ABSOLUTE
    ../Src/main.c                            0x00000000   Number         0  main.o ABSOLUTE
    ../Src/stm32f1xx_hal_msp.c               0x00000000   Number         0  stm32f1xx_hal_msp.o ABSOLUTE
    ../Src/stm32f1xx_it.c                    0x00000000   Number         0  stm32f1xx_it.o ABSOLUTE
    ../Src/system_stm32f1xx.c                0x00000000   Number         0  system_stm32f1xx.o ABSOLUTE
    ../clib/microlib/division.c              0x00000000   Number         0  uldiv.o ABSOLUTE
    ../clib/microlib/division.c              0x00000000   Number         0  uidiv.o ABSOLUTE
    ../clib/microlib/init/entry.s            0x00000000   Number         0  entry11b.o ABSOLUTE
    ../clib/microlib/init/entry.s            0x00000000   Number         0  entry10a.o ABSOLUTE
    ../clib/microlib/init/entry.s            0x00000000   Number         0  entry9b.o ABSOLUTE
    ../clib/microlib/init/entry.s            0x00000000   Number         0  entry11a.o ABSOLUTE
    ../clib/microlib/init/entry.s            0x00000000   Number         0  entry5.o ABSOLUTE
    ../clib/microlib/init/entry.s            0x00000000   Number         0  entry.o ABSOLUTE
    ../clib/microlib/init/entry.s            0x00000000   Number         0  entry7a.o ABSOLUTE
    ../clib/microlib/init/entry.s            0x00000000   Number         0  entry2.o ABSOLUTE
    ../clib/microlib/init/entry.s            0x00000000   Number         0  entry8a.o ABSOLUTE
    ../clib/microlib/init/entry.s            0x00000000   Number         0  entry8b.o ABSOLUTE
    ../clib/microlib/init/entry.s            0x00000000   Number         0  entry10b.o ABSOLUTE
    ../clib/microlib/init/entry.s            0x00000000   Number         0  entry9a.o ABSOLUTE
    ../clib/microlib/init/entry.s            0x00000000   Number         0  entry7b.o ABSOLUTE
    ../clib/microlib/longlong.c              0x00000000   Number         0  llushr.o ABSOLUTE
    ../clib/microlib/longlong.c              0x00000000   Number         0  llshl.o ABSOLUTE
    ../clib/microlib/longlong.c              0x00000000   Number         0  llsshr.o ABSOLUTE
    ../clib/microlib/malloc/malloc.c         0x00000000   Number         0  mallocra.o ABSOLUTE
    ../clib/microlib/malloc/malloc.c         0x00000000   Number         0  malloca.o ABSOLUTE
    ../clib/microlib/malloc/malloc.c         0x00000000   Number         0  mallocr.o ABSOLUTE
    ../clib/microlib/malloc/malloc.c         0x00000000   Number         0  malloc.o ABSOLUTE
    ../clib/microlib/malloc/mvars.c          0x00000000   Number         0  mvars.o ABSOLUTE
    ../clib/microlib/printf/printf.c         0x00000000   Number         0  printf7.o ABSOLUTE
    ../clib/microlib/printf/printf.c         0x00000000   Number         0  printf6.o ABSOLUTE
    ../clib/microlib/printf/printf.c         0x00000000   Number         0  printf5.o ABSOLUTE
    ../clib/microlib/printf/printf.c         0x00000000   Number         0  printf4.o ABSOLUTE
    ../clib/microlib/printf/printf.c         0x00000000   Number         0  printf2.o ABSOLUTE
    ../clib/microlib/printf/printf.c         0x00000000   Number         0  printf1.o ABSOLUTE
    ../clib/microlib/printf/printf.c         0x00000000   Number         0  printf0.o ABSOLUTE
    ../clib/microlib/printf/printf.c         0x00000000   Number         0  printfb.o ABSOLUTE
    ../clib/microlib/printf/printf.c         0x00000000   Number         0  printf3.o ABSOLUTE
    ../clib/microlib/printf/printf.c         0x00000000   Number         0  printfa.o ABSOLUTE
    ../clib/microlib/printf/printf.c         0x00000000   Number         0  printf8.o ABSOLUTE
    ../clib/microlib/printf/stubs.s          0x00000000   Number         0  stubs.o ABSOLUTE
    ../clib/microlib/stdio/fputc.c           0x00000000   Number         0  fputc.o ABSOLUTE
    ../clib/microlib/stdio/semi.s            0x00000000   Number         0  semi.o ABSOLUTE
    ../clib/microlib/stdio/streams.c         0x00000000   Number         0  stdout.o ABSOLUTE
    ../clib/microlib/string/memcpy.c         0x00000000   Number         0  memcpyb.o ABSOLUTE
    ../clib/microlib/string/memcpy.c         0x00000000   Number         0  memcpya.o ABSOLUTE
    ../clib/microlib/string/memset.c         0x00000000   Number         0  memseta.o ABSOLUTE
    ../clib/microlib/stubs.s                 0x00000000   Number         0  iusefp.o ABSOLUTE
    ../clib/microlib/stubs.s                 0x00000000   Number         0  iusesemip.o ABSOLUTE
    ../fplib/microlib/fpadd.c                0x00000000   Number         0  dadd.o ABSOLUTE
    ../fplib/microlib/fpdiv.c                0x00000000   Number         0  ddiv.o ABSOLUTE
    ../fplib/microlib/fpepilogue.c           0x00000000   Number         0  depilogue.o ABSOLUTE
    ../fplib/microlib/fpfix.c                0x00000000   Number         0  dfixul.o ABSOLUTE
    ../fplib/microlib/fpmul.c                0x00000000   Number         0  dmul.o ABSOLUTE
    ..\Drivers\STM32F1xx_HAL_Driver\Src\stm32f1xx_hal.c 0x00000000   Number         0  stm32f1xx_hal.o ABSOLUTE
    ..\Drivers\STM32F1xx_HAL_Driver\Src\stm32f1xx_hal_cortex.c 0x00000000   Number         0  stm32f1xx_hal_cortex.o ABSOLUTE
    ..\Drivers\STM32F1xx_HAL_Driver\Src\stm32f1xx_hal_dma.c 0x00000000   Number         0  stm32f1xx_hal_dma.o ABSOLUTE
    ..\Drivers\STM32F1xx_HAL_Driver\Src\stm32f1xx_hal_flash.c 0x00000000   Number         0  stm32f1xx_hal_flash.o ABSOLUTE
    ..\Drivers\STM32F1xx_HAL_Driver\Src\stm32f1xx_hal_flash_ex.c 0x00000000   Number         0  stm32f1xx_hal_flash_ex.o ABSOLUTE
    ..\Drivers\STM32F1xx_HAL_Driver\Src\stm32f1xx_hal_gpio.c 0x00000000   Number         0  stm32f1xx_hal_gpio.o ABSOLUTE
    ..\Drivers\STM32F1xx_HAL_Driver\Src\stm32f1xx_hal_gpio_ex.c 0x00000000   Number         0  stm32f1xx_hal_gpio_ex.o ABSOLUTE
    ..\Drivers\STM32F1xx_HAL_Driver\Src\stm32f1xx_hal_pwr.c 0x00000000   Number         0  stm32f1xx_hal_pwr.o ABSOLUTE
    ..\Drivers\STM32F1xx_HAL_Driver\Src\stm32f1xx_hal_rcc.c 0x00000000   Number         0  stm32f1xx_hal_rcc.o ABSOLUTE
    ..\Drivers\STM32F1xx_HAL_Driver\Src\stm32f1xx_hal_rcc_ex.c 0x00000000   Number         0  stm32f1xx_hal_rcc_ex.o ABSOLUTE
    ..\Drivers\STM32F1xx_HAL_Driver\Src\stm32f1xx_hal_tim.c 0x00000000   Number         0  stm32f1xx_hal_tim.o ABSOLUTE
    ..\Drivers\STM32F1xx_HAL_Driver\Src\stm32f1xx_hal_tim_ex.c 0x00000000   Number         0  stm32f1xx_hal_tim_ex.o ABSOLUTE
    ..\Drivers\STM32F1xx_HAL_Driver\Src\stm32f1xx_hal_uart.c 0x00000000   Number         0  stm32f1xx_hal_uart.o ABSOLUTE
    ..\Src\main.c                            0x00000000   Number         0  main.o ABSOLUTE
    ..\Src\modbus_master.c                   0x00000000   Number         0  modbus_master.o ABSOLUTE
    ..\Src\ringbuffer.c                      0x00000000   Number         0  ringbuffer.o ABSOLUTE
    ..\Src\stm32f1xx_hal_msp.c               0x00000000   Number         0  stm32f1xx_hal_msp.o ABSOLUTE
    ..\Src\stm32f1xx_it.c                    0x00000000   Number         0  stm32f1xx_it.o ABSOLUTE
    ..\Src\system_stm32f1xx.c                0x00000000   Number         0  system_stm32f1xx.o ABSOLUTE
    ..\Src\trans_recieve_buff_control.c      0x00000000   Number         0  trans_recieve_buff_control.o ABSOLUTE
    ..\\Src\\modbus_master.c                 0x00000000   Number         0  modbus_master.o ABSOLUTE
    ..\\Src\\ringbuffer.c                    0x00000000   Number         0  ringbuffer.o ABSOLUTE
    ..\\Src\\trans_recieve_buff_control.c    0x00000000   Number         0  trans_recieve_buff_control.o ABSOLUTE
    cdrcmple.s                               0x00000000   Number         0  cdrcmple.o ABSOLUTE
    dc.s                                     0x00000000   Number         0  dc.o ABSOLUTE
    handlers.s                               0x00000000   Number         0  handlers.o ABSOLUTE
    init.s                                   0x00000000   Number         0  init.o ABSOLUTE
    startup_stm32f100xb.s                    0x00000000   Number         0  startup_stm32f100xb.o ABSOLUTE
    RESET                                    0x08000000   Section      288  startup_stm32f100xb.o(RESET)
    .ARM.Collect$$$$00000000                 0x08000120   Section        0  entry.o(.ARM.Collect$$$$00000000)
    .ARM.Collect$$$$00000001                 0x08000120   Section        4  entry2.o(.ARM.Collect$$$$00000001)
    .ARM.Collect$$$$00000004                 0x08000124   Section        4  entry5.o(.ARM.Collect$$$$00000004)
    .ARM.Collect$$$$00000008                 0x08000128   Section        0  entry7b.o(.ARM.Collect$$$$00000008)
    .ARM.Collect$$$$0000000A                 0x08000128   Section        0  entry8b.o(.ARM.Collect$$$$0000000A)
    .ARM.Collect$$$$0000000B                 0x08000128   Section        8  entry9a.o(.ARM.Collect$$$$0000000B)
    .ARM.Collect$$$$0000000D                 0x08000130   Section        0  entry10a.o(.ARM.Collect$$$$0000000D)
    .ARM.Collect$$$$0000000F                 0x08000130   Section        0  entry11a.o(.ARM.Collect$$$$0000000F)
    .ARM.Collect$$$$00002712                 0x08000130   Section        4  entry2.o(.ARM.Collect$$$$00002712)
    __lit__00000000                          0x08000130   Data           4  entry2.o(.ARM.Collect$$$$00002712)
    .text                                    0x08000134   Section       36  startup_stm32f100xb.o(.text)
    .text                                    0x08000158   Section        0  memseta.o(.text)
    .text                                    0x0800017c   Section       36  init.o(.text)
    i.BusFault_Handler                       0x080001a0   Section        0  stm32f1xx_it.o(i.BusFault_Handler)
    i.CRC16                                  0x080001a2   Section        0  main.o(i.CRC16)
    i.DebugMon_Handler                       0x080001d4   Section        0  stm32f1xx_it.o(i.DebugMon_Handler)
    i.HAL_DMA_Abort                          0x080001d6   Section        0  stm32f1xx_hal_dma.o(i.HAL_DMA_Abort)
    i.HAL_DMA_Abort_IT                       0x08000208   Section        0  stm32f1xx_hal_dma.o(i.HAL_DMA_Abort_IT)
    i.HAL_Delay                              0x080002a0   Section        0  stm32f1xx_hal.o(i.HAL_Delay)
    i.HAL_GPIO_Init                          0x080002c4   Section        0  stm32f1xx_hal_gpio.o(i.HAL_GPIO_Init)
    i.HAL_GPIO_WritePin                      0x08000480   Section        0  stm32f1xx_hal_gpio.o(i.HAL_GPIO_WritePin)
    i.HAL_GetTick                            0x0800048c   Section        0  stm32f1xx_hal.o(i.HAL_GetTick)
    i.HAL_IncTick                            0x08000498   Section        0  stm32f1xx_hal.o(i.HAL_IncTick)
    i.HAL_Init                               0x080004a8   Section        0  stm32f1xx_hal.o(i.HAL_Init)
    i.HAL_InitTick                           0x080004c0   Section        0  stm32f1xx_hal.o(i.HAL_InitTick)
    i.HAL_MspInit                            0x08000500   Section        0  stm32f1xx_hal_msp.o(i.HAL_MspInit)
    i.HAL_NVIC_EnableIRQ                     0x0800053c   Section        0  stm32f1xx_hal_cortex.o(i.HAL_NVIC_EnableIRQ)
    i.HAL_NVIC_SetPriority                   0x08000554   Section        0  stm32f1xx_hal_cortex.o(i.HAL_NVIC_SetPriority)
    i.HAL_NVIC_SetPriorityGrouping           0x08000594   Section        0  stm32f1xx_hal_cortex.o(i.HAL_NVIC_SetPriorityGrouping)
    i.HAL_RCC_ClockConfig                    0x080005b8   Section        0  stm32f1xx_hal_rcc.o(i.HAL_RCC_ClockConfig)
    i.HAL_RCC_GetPCLK1Freq                   0x080006cc   Section        0  stm32f1xx_hal_rcc.o(i.HAL_RCC_GetPCLK1Freq)
    i.HAL_RCC_GetPCLK2Freq                   0x080006ec   Section        0  stm32f1xx_hal_rcc.o(i.HAL_RCC_GetPCLK2Freq)
    i.HAL_RCC_GetSysClockFreq                0x0800070c   Section        0  stm32f1xx_hal_rcc.o(i.HAL_RCC_GetSysClockFreq)
    i.HAL_RCC_OscConfig                      0x08000788   Section        0  stm32f1xx_hal_rcc.o(i.HAL_RCC_OscConfig)
    i.HAL_SYSTICK_Config                     0x08000a8c   Section        0  stm32f1xx_hal_cortex.o(i.HAL_SYSTICK_Config)
    i.HAL_UART_AbortReceive                  0x08000ab4   Section        0  stm32f1xx_hal_uart.o(i.HAL_UART_AbortReceive)
    i.HAL_UART_ErrorCallback                 0x08000af8   Section        0  stm32f1xx_hal_uart.o(i.HAL_UART_ErrorCallback)
    i.HAL_UART_IRQHandler                    0x08000afc   Section        0  stm32f1xx_hal_uart.o(i.HAL_UART_IRQHandler)
    i.HAL_UART_Init                          0x08000c0c   Section        0  stm32f1xx_hal_uart.o(i.HAL_UART_Init)
    i.HAL_UART_MspInit                       0x08000c70   Section        0  stm32f1xx_hal_msp.o(i.HAL_UART_MspInit)
    i.HAL_UART_Receive                       0x08000d48   Section        0  stm32f1xx_hal_uart.o(i.HAL_UART_Receive)
    i.HAL_UART_RxCpltCallback                0x08000e00   Section        0  stm32f1xx_hal_uart.o(i.HAL_UART_RxCpltCallback)
    i.HAL_UART_Transmit                      0x08000e02   Section        0  stm32f1xx_hal_uart.o(i.HAL_UART_Transmit)
    i.HAL_UART_TxCpltCallback                0x08000ebc   Section        0  stm32f1xx_hal_uart.o(i.HAL_UART_TxCpltCallback)
    i.HardFault_Handler                      0x08000ebe   Section        0  stm32f1xx_it.o(i.HardFault_Handler)
    i.MX_GPIO_Init                           0x08000ec0   Section        0  main.o(i.MX_GPIO_Init)
    MX_GPIO_Init                             0x08000ec1   Thumb Code   142  main.o(i.MX_GPIO_Init)
    i.MemManage_Handler                      0x08000f5c   Section        0  stm32f1xx_it.o(i.MemManage_Handler)
    i.ModBusRead                             0x08000f60   Section        0  main.o(i.ModBusRead)
    i.ModbusMaster_ModbusMasterTransaction   0x0800105c   Section        0  modbus_master.o(i.ModbusMaster_ModbusMasterTransaction)
    i.ModbusMaster_writeSingleRegister       0x08001378   Section        0  modbus_master.o(i.ModbusMaster_writeSingleRegister)
    i.Modbus_Master_GetByte                  0x08001394   Section        0  trans_recieve_buff_control.o(i.Modbus_Master_GetByte)
    i.Modbus_Master_Millis                   0x080013b0   Section        0  trans_recieve_buff_control.o(i.Modbus_Master_Millis)
    i.Modbus_Master_Read                     0x080013b4   Section        0  trans_recieve_buff_control.o(i.Modbus_Master_Read)
    i.Modbus_Master_Rece_Available           0x080013d0   Section        0  trans_recieve_buff_control.o(i.Modbus_Master_Rece_Available)
    i.Modbus_Master_Rece_Flush               0x080013f4   Section        0  trans_recieve_buff_control.o(i.Modbus_Master_Rece_Flush)
    i.Modbus_Master_Rece_Handler             0x08001404   Section        0  trans_recieve_buff_control.o(i.Modbus_Master_Rece_Handler)
    i.Modbus_Master_Write                    0x08001448   Section        0  trans_recieve_buff_control.o(i.Modbus_Master_Write)
    i.NMI_Handler                            0x08001464   Section        0  stm32f1xx_it.o(i.NMI_Handler)
    i.NVIC_SetPriority                       0x08001466   Section        0  stm32f1xx_hal_cortex.o(i.NVIC_SetPriority)
    NVIC_SetPriority                         0x08001467   Thumb Code    32  stm32f1xx_hal_cortex.o(i.NVIC_SetPriority)
    i.PendSV_Handler                         0x08001486   Section        0  stm32f1xx_it.o(i.PendSV_Handler)
    i.RS485_postTransmission                 0x08001488   Section        0  main.o(i.RS485_postTransmission)
    i.RS485_preTransmission                  0x08001498   Section        0  main.o(i.RS485_preTransmission)
    i.SVC_Handler                            0x080014a8   Section        0  stm32f1xx_it.o(i.SVC_Handler)
    i.SysTick_Handler                        0x080014aa   Section        0  stm32f1xx_it.o(i.SysTick_Handler)
    i.SystemClock_Config                     0x080014ae   Section        0  main.o(i.SystemClock_Config)
    i.SystemInit                             0x080014f8   Section        0  system_stm32f1xx.o(i.SystemInit)
    i.UART_DMAAbortOnError                   0x08001544   Section        0  stm32f1xx_hal_uart.o(i.UART_DMAAbortOnError)
    UART_DMAAbortOnError                     0x08001545   Thumb Code    16  stm32f1xx_hal_uart.o(i.UART_DMAAbortOnError)
    i.UART_EndRxTransfer                     0x08001554   Section        0  stm32f1xx_hal_uart.o(i.UART_EndRxTransfer)
    UART_EndRxTransfer                       0x08001555   Thumb Code    28  stm32f1xx_hal_uart.o(i.UART_EndRxTransfer)
    i.UART_Receive_IT                        0x08001570   Section        0  stm32f1xx_hal_uart.o(i.UART_Receive_IT)
    UART_Receive_IT                          0x08001571   Thumb Code   150  stm32f1xx_hal_uart.o(i.UART_Receive_IT)
    i.UART_SetConfig                         0x08001608   Section        0  stm32f1xx_hal_uart.o(i.UART_SetConfig)
    UART_SetConfig                           0x08001609   Thumb Code   666  stm32f1xx_hal_uart.o(i.UART_SetConfig)
    i.UART_Transmit_IT                       0x080018a8   Section        0  stm32f1xx_hal_uart.o(i.UART_Transmit_IT)
    UART_Transmit_IT                         0x080018a9   Thumb Code    98  stm32f1xx_hal_uart.o(i.UART_Transmit_IT)
    i.UART_WaitOnFlagUntilTimeout            0x0800190a   Section        0  stm32f1xx_hal_uart.o(i.UART_WaitOnFlagUntilTimeout)
    UART_WaitOnFlagUntilTimeout              0x0800190b   Thumb Code   100  stm32f1xx_hal_uart.o(i.UART_WaitOnFlagUntilTimeout)
    i.USART1_IRQHandler                      0x08001970   Section        0  stm32f1xx_it.o(i.USART1_IRQHandler)
    i.USART2_IRQHandler                      0x0800197c   Section        0  stm32f1xx_it.o(i.USART2_IRQHandler)
    i.UsageFault_Handler                     0x08001988   Section        0  stm32f1xx_it.o(i.UsageFault_Handler)
    i.__0sprintf$2                           0x0800198c   Section        0  printf2.o(i.__0sprintf$2)
    i.__scatterload_copy                     0x080019b4   Section       14  handlers.o(i.__scatterload_copy)
    i.__scatterload_null                     0x080019c2   Section        2  handlers.o(i.__scatterload_null)
    i.__scatterload_zeroinit                 0x080019c4   Section       14  handlers.o(i.__scatterload_zeroinit)
    i._printf_core                           0x080019d2   Section        0  printf2.o(i._printf_core)
    _printf_core                             0x080019d3   Thumb Code   214  printf2.o(i._printf_core)
    i._sputc                                 0x08001aa8   Section        0  printf2.o(i._sputc)
    _sputc                                   0x08001aa9   Thumb Code    10  printf2.o(i._sputc)
    i.crc16_update                           0x08001ab2   Section        0  modbus_master.o(i.crc16_update)
    crc16_update                             0x08001ab3   Thumb Code    28  modbus_master.o(i.crc16_update)
    i.debbugXui                              0x08001ad0   Section        0  main.o(i.debbugXui)
    i.main                                   0x08001b0c   Section        0  main.o(i.main)
    i.postTransmission                       0x08001ba4   Section        0  modbus_master.o(i.postTransmission)
    i.preTransmission                        0x08001bc8   Section        0  modbus_master.o(i.preTransmission)
    i.rbClear                                0x08001bec   Section        0  ringbuffer.o(i.rbClear)
    i.rbInitialize                           0x08001bf8   Section        0  ringbuffer.o(i.rbInitialize)
    i.rbIsEmpty                              0x08001c0a   Section        0  ringbuffer.o(i.rbIsEmpty)
    i.rbPop                                  0x08001c1a   Section        0  ringbuffer.o(i.rbPop)
    .constdata                               0x08001c3c   Section       16  system_stm32f1xx.o(.constdata)
    .constdata                               0x08001c4c   Section        8  system_stm32f1xx.o(.constdata)
    .data                                    0x20000000   Section        2  main.o(.data)
    .data                                    0x20000002   Section        1  trans_recieve_buff_control.o(.data)
    .data                                    0x20000004   Section       28  modbus_master.o(.data)
    .data                                    0x20000020   Section       12  stm32f1xx_hal.o(.data)
    .data                                    0x2000002c   Section        4  system_stm32f1xx.o(.data)
    .bss                                     0x20000030   Section      348  main.o(.bss)
    .bss                                     0x2000018c   Section      320  trans_recieve_buff_control.o(.bss)
    .bss                                     0x200002cc   Section      256  modbus_master.o(.bss)
    STACK                                    0x200003d0   Section     1024  startup_stm32f100xb.o(STACK)

    Global Symbols

    Symbol Name                              Value     Ov Type        Size  Object(Section)

    BuildAttributes$$THM_ISAv4$P$D$K$B$S$PE$A:L22UL41UL21$X:L11$S22US41US21$IEEE1$IW$USESV6$~STKCKD$USESV7$~SHL$OSPACE$ROPI$EBA8$MICROLIB$REQ8$PRES8$EABIv2 0x00000000   Number         0  anon$$obj.o ABSOLUTE
    __ARM_use_no_argv                        0x00000000   Number         0  main.o ABSOLUTE
    _printf_a                                0x00000000   Number         0  stubs.o ABSOLUTE
    _printf_c                                0x00000000   Number         0  stubs.o ABSOLUTE
    _printf_charcount                        0x00000000   Number         0  stubs.o ABSOLUTE
    _printf_d                                0x00000000   Number         0  stubs.o ABSOLUTE
    _printf_e                                0x00000000   Number         0  stubs.o ABSOLUTE
    _printf_f                                0x00000000   Number         0  stubs.o ABSOLUTE
    _printf_flags                            0x00000000   Number         0  stubs.o ABSOLUTE
    _printf_fp_dec                           0x00000000   Number         0  stubs.o ABSOLUTE
    _printf_fp_hex                           0x00000000   Number         0  stubs.o ABSOLUTE
    _printf_g                                0x00000000   Number         0  stubs.o ABSOLUTE
    _printf_i                                0x00000000   Number         0  stubs.o ABSOLUTE
    _printf_int_dec                          0x00000000   Number         0  stubs.o ABSOLUTE
    _printf_l                                0x00000000   Number         0  stubs.o ABSOLUTE
    _printf_lc                               0x00000000   Number         0  stubs.o ABSOLUTE
    _printf_ll                               0x00000000   Number         0  stubs.o ABSOLUTE
    _printf_lld                              0x00000000   Number         0  stubs.o ABSOLUTE
    _printf_lli                              0x00000000   Number         0  stubs.o ABSOLUTE
    _printf_llo                              0x00000000   Number         0  stubs.o ABSOLUTE
    _printf_llu                              0x00000000   Number         0  stubs.o ABSOLUTE
    _printf_llx                              0x00000000   Number         0  stubs.o ABSOLUTE
    _printf_longlong_dec                     0x00000000   Number         0  stubs.o ABSOLUTE
    _printf_longlong_hex                     0x00000000   Number         0  stubs.o ABSOLUTE
    _printf_longlong_oct                     0x00000000   Number         0  stubs.o ABSOLUTE
    _printf_ls                               0x00000000   Number         0  stubs.o ABSOLUTE
    _printf_mbtowc                           0x00000000   Number         0  stubs.o ABSOLUTE
    _printf_n                                0x00000000   Number         0  stubs.o ABSOLUTE
    _printf_o                                0x00000000   Number         0  stubs.o ABSOLUTE
    _printf_p                                0x00000000   Number         0  stubs.o ABSOLUTE
    _printf_percent                          0x00000000   Number         0  stubs.o ABSOLUTE
    _printf_pre_padding                      0x00000000   Number         0  stubs.o ABSOLUTE
    _printf_return_value                     0x00000000   Number         0  stubs.o ABSOLUTE
    _printf_s                                0x00000000   Number         0  stubs.o ABSOLUTE
    _printf_sizespec                         0x00000000   Number         0  stubs.o ABSOLUTE
    _printf_str                              0x00000000   Number         0  stubs.o ABSOLUTE
    _printf_truncate_signed                  0x00000000   Number         0  stubs.o ABSOLUTE
    _printf_truncate_unsigned                0x00000000   Number         0  stubs.o ABSOLUTE
    _printf_u                                0x00000000   Number         0  stubs.o ABSOLUTE
    _printf_wc                               0x00000000   Number         0  stubs.o ABSOLUTE
    _printf_wctomb                           0x00000000   Number         0  stubs.o ABSOLUTE
    _printf_widthprec                        0x00000000   Number         0  stubs.o ABSOLUTE
    _printf_x                                0x00000000   Number         0  stubs.o ABSOLUTE
    __cpp_initialize__aeabi_                  - Undefined Weak Reference
    __cxa_finalize                            - Undefined Weak Reference
    __decompress                              - Undefined Weak Reference
    _clock_init                               - Undefined Weak Reference
    _microlib_exit                            - Undefined Weak Reference
    __Vectors_Size                           0x00000120   Number         0  startup_stm32f100xb.o ABSOLUTE
    __Vectors                                0x08000000   Data           4  startup_stm32f100xb.o(RESET)
    __Vectors_End                            0x08000120   Data           0  startup_stm32f100xb.o(RESET)
    __main                                   0x08000121   Thumb Code     0  entry.o(.ARM.Collect$$$$00000000)
    _main_stk                                0x08000121   Thumb Code     0  entry2.o(.ARM.Collect$$$$00000001)
    _main_scatterload                        0x08000125   Thumb Code     0  entry5.o(.ARM.Collect$$$$00000004)
    __main_after_scatterload                 0x08000129   Thumb Code     0  entry5.o(.ARM.Collect$$$$00000004)
    _main_clock                              0x08000129   Thumb Code     0  entry7b.o(.ARM.Collect$$$$00000008)
    _main_cpp_init                           0x08000129   Thumb Code     0  entry8b.o(.ARM.Collect$$$$0000000A)
    _main_init                               0x08000129   Thumb Code     0  entry9a.o(.ARM.Collect$$$$0000000B)
    __rt_final_cpp                           0x08000131   Thumb Code     0  entry10a.o(.ARM.Collect$$$$0000000D)
    __rt_final_exit                          0x08000131   Thumb Code     0  entry11a.o(.ARM.Collect$$$$0000000F)
    Reset_Handler                            0x08000135   Thumb Code     8  startup_stm32f100xb.o(.text)
    ADC1_IRQHandler                          0x0800014f   Thumb Code     0  startup_stm32f100xb.o(.text)
    CEC_IRQHandler                           0x0800014f   Thumb Code     0  startup_stm32f100xb.o(.text)
    DMA1_Channel1_IRQHandler                 0x0800014f   Thumb Code     0  startup_stm32f100xb.o(.text)
    DMA1_Channel2_IRQHandler                 0x0800014f   Thumb Code     0  startup_stm32f100xb.o(.text)
    DMA1_Channel3_IRQHandler                 0x0800014f   Thumb Code     0  startup_stm32f100xb.o(.text)
    DMA1_Channel4_IRQHandler                 0x0800014f   Thumb Code     0  startup_stm32f100xb.o(.text)
    DMA1_Channel5_IRQHandler                 0x0800014f   Thumb Code     0  startup_stm32f100xb.o(.text)
    DMA1_Channel6_IRQHandler                 0x0800014f   Thumb Code     0  startup_stm32f100xb.o(.text)
    DMA1_Channel7_IRQHandler                 0x0800014f   Thumb Code     0  startup_stm32f100xb.o(.text)
    EXTI0_IRQHandler                         0x0800014f   Thumb Code     0  startup_stm32f100xb.o(.text)
    EXTI15_10_IRQHandler                     0x0800014f   Thumb Code     0  startup_stm32f100xb.o(.text)
    EXTI1_IRQHandler                         0x0800014f   Thumb Code     0  startup_stm32f100xb.o(.text)
    EXTI2_IRQHandler                         0x0800014f   Thumb Code     0  startup_stm32f100xb.o(.text)
    EXTI3_IRQHandler                         0x0800014f   Thumb Code     0  startup_stm32f100xb.o(.text)
    EXTI4_IRQHandler                         0x0800014f   Thumb Code     0  startup_stm32f100xb.o(.text)
    EXTI9_5_IRQHandler                       0x0800014f   Thumb Code     0  startup_stm32f100xb.o(.text)
    FLASH_IRQHandler                         0x0800014f   Thumb Code     0  startup_stm32f100xb.o(.text)
    I2C1_ER_IRQHandler                       0x0800014f   Thumb Code     0  startup_stm32f100xb.o(.text)
    I2C1_EV_IRQHandler                       0x0800014f   Thumb Code     0  startup_stm32f100xb.o(.text)
    I2C2_ER_IRQHandler                       0x0800014f   Thumb Code     0  startup_stm32f100xb.o(.text)
    I2C2_EV_IRQHandler                       0x0800014f   Thumb Code     0  startup_stm32f100xb.o(.text)
    PVD_IRQHandler                           0x0800014f   Thumb Code     0  startup_stm32f100xb.o(.text)
    RCC_IRQHandler                           0x0800014f   Thumb Code     0  startup_stm32f100xb.o(.text)
    RTC_Alarm_IRQHandler                     0x0800014f   Thumb Code     0  startup_stm32f100xb.o(.text)
    RTC_IRQHandler                           0x0800014f   Thumb Code     0  startup_stm32f100xb.o(.text)
    SPI1_IRQHandler                          0x0800014f   Thumb Code     0  startup_stm32f100xb.o(.text)
    SPI2_IRQHandler                          0x0800014f   Thumb Code     0  startup_stm32f100xb.o(.text)
    TAMPER_IRQHandler                        0x0800014f   Thumb Code     0  startup_stm32f100xb.o(.text)
    TIM1_BRK_TIM15_IRQHandler                0x0800014f   Thumb Code     0  startup_stm32f100xb.o(.text)
    TIM1_CC_IRQHandler                       0x0800014f   Thumb Code     0  startup_stm32f100xb.o(.text)
    TIM1_TRG_COM_TIM17_IRQHandler            0x0800014f   Thumb Code     0  startup_stm32f100xb.o(.text)
    TIM1_UP_TIM16_IRQHandler                 0x0800014f   Thumb Code     0  startup_stm32f100xb.o(.text)
    TIM2_IRQHandler                          0x0800014f   Thumb Code     0  startup_stm32f100xb.o(.text)
    TIM3_IRQHandler                          0x0800014f   Thumb Code     0  startup_stm32f100xb.o(.text)
    TIM4_IRQHandler                          0x0800014f   Thumb Code     0  startup_stm32f100xb.o(.text)
    TIM6_DAC_IRQHandler                      0x0800014f   Thumb Code     0  startup_stm32f100xb.o(.text)
    TIM7_IRQHandler                          0x0800014f   Thumb Code     0  startup_stm32f100xb.o(.text)
    USART3_IRQHandler                        0x0800014f   Thumb Code     0  startup_stm32f100xb.o(.text)
    WWDG_IRQHandler                          0x0800014f   Thumb Code     0  startup_stm32f100xb.o(.text)
    __aeabi_memset                           0x08000159   Thumb Code    14  memseta.o(.text)
    __aeabi_memset4                          0x08000159   Thumb Code     0  memseta.o(.text)
    __aeabi_memset8                          0x08000159   Thumb Code     0  memseta.o(.text)
    __aeabi_memclr                           0x08000167   Thumb Code     4  memseta.o(.text)
    __aeabi_memclr4                          0x08000167   Thumb Code     0  memseta.o(.text)
    __aeabi_memclr8                          0x08000167   Thumb Code     0  memseta.o(.text)
    _memset$wrapper                          0x0800016b   Thumb Code    18  memseta.o(.text)
    __scatterload                            0x0800017d   Thumb Code    28  init.o(.text)
    __scatterload_rt2                        0x0800017d   Thumb Code     0  init.o(.text)
    BusFault_Handler                         0x080001a1   Thumb Code     2  stm32f1xx_it.o(i.BusFault_Handler)
    CRC16                                    0x080001a3   Thumb Code    50  main.o(i.CRC16)
    DebugMon_Handler                         0x080001d5   Thumb Code     2  stm32f1xx_it.o(i.DebugMon_Handler)
    HAL_DMA_Abort                            0x080001d7   Thumb Code    48  stm32f1xx_hal_dma.o(i.HAL_DMA_Abort)
    HAL_DMA_Abort_IT                         0x08000209   Thumb Code   148  stm32f1xx_hal_dma.o(i.HAL_DMA_Abort_IT)
    HAL_Delay                                0x080002a1   Thumb Code    32  stm32f1xx_hal.o(i.HAL_Delay)
    HAL_GPIO_Init                            0x080002c5   Thumb Code   408  stm32f1xx_hal_gpio.o(i.HAL_GPIO_Init)
    HAL_GPIO_WritePin                        0x08000481   Thumb Code    10  stm32f1xx_hal_gpio.o(i.HAL_GPIO_WritePin)
    HAL_GetTick                              0x0800048d   Thumb Code     6  stm32f1xx_hal.o(i.HAL_GetTick)
    HAL_IncTick                              0x08000499   Thumb Code    12  stm32f1xx_hal.o(i.HAL_IncTick)
    HAL_Init                                 0x080004a9   Thumb Code    22  stm32f1xx_hal.o(i.HAL_Init)
    HAL_InitTick                             0x080004c1   Thumb Code    54  stm32f1xx_hal.o(i.HAL_InitTick)
    HAL_MspInit                              0x08000501   Thumb Code    52  stm32f1xx_hal_msp.o(i.HAL_MspInit)
    HAL_NVIC_EnableIRQ                       0x0800053d   Thumb Code    22  stm32f1xx_hal_cortex.o(i.HAL_NVIC_EnableIRQ)
    HAL_NVIC_SetPriority                     0x08000555   Thumb Code    60  stm32f1xx_hal_cortex.o(i.HAL_NVIC_SetPriority)
    HAL_NVIC_SetPriorityGrouping             0x08000595   Thumb Code    26  stm32f1xx_hal_cortex.o(i.HAL_NVIC_SetPriorityGrouping)
    HAL_RCC_ClockConfig                      0x080005b9   Thumb Code   262  stm32f1xx_hal_rcc.o(i.HAL_RCC_ClockConfig)
    HAL_RCC_GetPCLK1Freq                     0x080006cd   Thumb Code    20  stm32f1xx_hal_rcc.o(i.HAL_RCC_GetPCLK1Freq)
    HAL_RCC_GetPCLK2Freq                     0x080006ed   Thumb Code    20  stm32f1xx_hal_rcc.o(i.HAL_RCC_GetPCLK2Freq)
    HAL_RCC_GetSysClockFreq                  0x0800070d   Thumb Code    80  stm32f1xx_hal_rcc.o(i.HAL_RCC_GetSysClockFreq)
    HAL_RCC_OscConfig                        0x08000789   Thumb Code   750  stm32f1xx_hal_rcc.o(i.HAL_RCC_OscConfig)
    HAL_SYSTICK_Config                       0x08000a8d   Thumb Code    40  stm32f1xx_hal_cortex.o(i.HAL_SYSTICK_Config)
    HAL_UART_AbortReceive                    0x08000ab5   Thumb Code    68  stm32f1xx_hal_uart.o(i.HAL_UART_AbortReceive)
    HAL_UART_ErrorCallback                   0x08000af9   Thumb Code     2  stm32f1xx_hal_uart.o(i.HAL_UART_ErrorCallback)
    HAL_UART_IRQHandler                      0x08000afd   Thumb Code   266  stm32f1xx_hal_uart.o(i.HAL_UART_IRQHandler)
    HAL_UART_Init                            0x08000c0d   Thumb Code    98  stm32f1xx_hal_uart.o(i.HAL_UART_Init)
    HAL_UART_MspInit                         0x08000c71   Thumb Code   198  stm32f1xx_hal_msp.o(i.HAL_UART_MspInit)
    HAL_UART_Receive                         0x08000d49   Thumb Code   184  stm32f1xx_hal_uart.o(i.HAL_UART_Receive)
    HAL_UART_RxCpltCallback                  0x08000e01   Thumb Code     2  stm32f1xx_hal_uart.o(i.HAL_UART_RxCpltCallback)
    HAL_UART_Transmit                        0x08000e03   Thumb Code   186  stm32f1xx_hal_uart.o(i.HAL_UART_Transmit)
    HAL_UART_TxCpltCallback                  0x08000ebd   Thumb Code     2  stm32f1xx_hal_uart.o(i.HAL_UART_TxCpltCallback)
    HardFault_Handler                        0x08000ebf   Thumb Code     2  stm32f1xx_it.o(i.HardFault_Handler)
    MemManage_Handler                        0x08000f5d   Thumb Code     2  stm32f1xx_it.o(i.MemManage_Handler)
    ModBusRead                               0x08000f61   Thumb Code   214  main.o(i.ModBusRead)
    ModbusMaster_ModbusMasterTransaction     0x0800105d   Thumb Code   786  modbus_master.o(i.ModbusMaster_ModbusMasterTransaction)
    ModbusMaster_writeSingleRegister         0x08001379   Thumb Code    20  modbus_master.o(i.ModbusMaster_writeSingleRegister)
    Modbus_Master_GetByte                    0x08001395   Thumb Code    24  trans_recieve_buff_control.o(i.Modbus_Master_GetByte)
    Modbus_Master_Millis                     0x080013b1   Thumb Code     4  trans_recieve_buff_control.o(i.Modbus_Master_Millis)
    Modbus_Master_Read                       0x080013b5   Thumb Code    24  trans_recieve_buff_control.o(i.Modbus_Master_Read)
    Modbus_Master_Rece_Available             0x080013d1   Thumb Code    32  trans_recieve_buff_control.o(i.Modbus_Master_Rece_Available)
    Modbus_Master_Rece_Flush                 0x080013f5   Thumb Code    10  trans_recieve_buff_control.o(i.Modbus_Master_Rece_Flush)
    Modbus_Master_Rece_Handler               0x08001405   Thumb Code    56  trans_recieve_buff_control.o(i.Modbus_Master_Rece_Handler)
    Modbus_Master_Write                      0x08001449   Thumb Code    24  trans_recieve_buff_control.o(i.Modbus_Master_Write)
    NMI_Handler                              0x08001465   Thumb Code     2  stm32f1xx_it.o(i.NMI_Handler)
    PendSV_Handler                           0x08001487   Thumb Code     2  stm32f1xx_it.o(i.PendSV_Handler)
    RS485_postTransmission                   0x08001489   Thumb Code    10  main.o(i.RS485_postTransmission)
    RS485_preTransmission                    0x08001499   Thumb Code    10  main.o(i.RS485_preTransmission)
    SVC_Handler                              0x080014a9   Thumb Code     2  stm32f1xx_it.o(i.SVC_Handler)
    SysTick_Handler                          0x080014ab   Thumb Code     4  stm32f1xx_it.o(i.SysTick_Handler)
    SystemClock_Config                       0x080014af   Thumb Code    72  main.o(i.SystemClock_Config)
    SystemInit                               0x080014f9   Thumb Code    60  system_stm32f1xx.o(i.SystemInit)
    USART1_IRQHandler                        0x08001971   Thumb Code     6  stm32f1xx_it.o(i.USART1_IRQHandler)
    USART2_IRQHandler                        0x0800197d   Thumb Code     6  stm32f1xx_it.o(i.USART2_IRQHandler)
    UsageFault_Handler                       0x08001989   Thumb Code     2  stm32f1xx_it.o(i.UsageFault_Handler)
    __0sprintf$2                             0x0800198d   Thumb Code    34  printf2.o(i.__0sprintf$2)
    __1sprintf$2                             0x0800198d   Thumb Code     0  printf2.o(i.__0sprintf$2)
    __2sprintf                               0x0800198d   Thumb Code     0  printf2.o(i.__0sprintf$2)
    __scatterload_copy                       0x080019b5   Thumb Code    14  handlers.o(i.__scatterload_copy)
    __scatterload_null                       0x080019c3   Thumb Code     2  handlers.o(i.__scatterload_null)
    __scatterload_zeroinit                   0x080019c5   Thumb Code    14  handlers.o(i.__scatterload_zeroinit)
    debbugXui                                0x08001ad1   Thumb Code    48  main.o(i.debbugXui)
    main                                     0x08001b0d   Thumb Code   134  main.o(i.main)
    postTransmission                         0x08001ba5   Thumb Code    28  modbus_master.o(i.postTransmission)
    preTransmission                          0x08001bc9   Thumb Code    26  modbus_master.o(i.preTransmission)
    rbClear                                  0x08001bed   Thumb Code    12  ringbuffer.o(i.rbClear)
    rbInitialize                             0x08001bf9   Thumb Code    18  ringbuffer.o(i.rbInitialize)
    rbIsEmpty                                0x08001c0b   Thumb Code    16  ringbuffer.o(i.rbIsEmpty)
    rbPop                                    0x08001c1b   Thumb Code    34  ringbuffer.o(i.rbPop)
    AHBPrescTable                            0x08001c3c   Data          16  system_stm32f1xx.o(.constdata)
    APBPrescTable                            0x08001c4c   Data           8  system_stm32f1xx.o(.constdata)
    Region$$Table$$Base                      0x08001c54   Number         0  anon$$obj.o(Region$$Table)
    Region$$Table$$Limit                     0x08001c74   Number         0  anon$$obj.o(Region$$Table)
    MBResponseTimeout                        0x20000000   Data           2  main.o(.data)
    Fcounter                                 0x20000002   Data           1  trans_recieve_buff_control.o(.data)
    _u8MBSlave                               0x20000004   Data           1  modbus_master.o(.data)
    _u8TransmitBufferIndex                   0x20000005   Data           1  modbus_master.o(.data)
    _u8ResponseBufferIndex                   0x20000006   Data           1  modbus_master.o(.data)
    _u8ResponseBufferLength                  0x20000007   Data           1  modbus_master.o(.data)
    _u16ReadAddress                          0x20000008   Data           2  modbus_master.o(.data)
    _u16ReadQty                              0x2000000a   Data           2  modbus_master.o(.data)
    _u16WriteAddress                         0x2000000c   Data           2  modbus_master.o(.data)
    _u16WriteQty                             0x2000000e   Data           2  modbus_master.o(.data)
    u16TransmitBufferLength                  0x20000010   Data           2  modbus_master.o(.data)
    _idle                                    0x20000014   Data           4  modbus_master.o(.data)
    _preTransmission                         0x20000018   Data           4  modbus_master.o(.data)
    _postTransmission                        0x2000001c   Data           4  modbus_master.o(.data)
    uwTickFreq                               0x20000020   Data           1  stm32f1xx_hal.o(.data)
    uwTickPrio                               0x20000024   Data           4  stm32f1xx_hal.o(.data)
    uwTick                                   0x20000028   Data           4  stm32f1xx_hal.o(.data)
    SystemCoreClock                          0x2000002c   Data           4  system_stm32f1xx.o(.data)
    huart1                                   0x20000030   Data          64  main.o(.bss)
    huart2                                   0x20000070   Data          64  main.o(.bss)
    mbRxRingBuf                              0x200000b0   Data          20  main.o(.bss)
    mbRxBuf                                  0x200000c4   Data         200  main.o(.bss)
    m_Modbus_Master_RX_RingBuff              0x2000018c   Data          20  trans_recieve_buff_control.o(.bss)
    m_Modbus_Master_RX_Buff                  0x200001a0   Data         200  trans_recieve_buff_control.o(.bss)
    FRECbuff                                 0x20000268   Data         100  trans_recieve_buff_control.o(.bss)
    _u16ResponseBuffer                       0x200002cc   Data         128  modbus_master.o(.bss)
    _u16TransmitBuffer                       0x2000034c   Data         128  modbus_master.o(.bss)
    __initial_sp                             0x200007d0   Data           0  startup_stm32f100xb.o(STACK)



==============================================================================

Memory Map of the image

  Image Entry point : 0x08000121

  Load Region LR_IROM1 (Base: 0x08000000, Size: 0x00001ca4, Max: 0x00020000, ABSOLUTE)

    Execution Region ER_IROM1 (Exec base: 0x08000000, Load base: 0x08000000, Size: 0x00001c74, Max: 0x00020000, ABSOLUTE)

    Exec Addr    Load Addr    Size         Type   Attr      Idx    E Section Name        Object

    0x08000000   0x08000000   0x00000120   Data   RO            3    RESET               startup_stm32f100xb.o
    0x08000120   0x08000120   0x00000000   Code   RO         1969  * .ARM.Collect$$$$00000000  mc_w.l(entry.o)
    0x08000120   0x08000120   0x00000004   Code   RO         2265    .ARM.Collect$$$$00000001  mc_w.l(entry2.o)
    0x08000124   0x08000124   0x00000004   Code   RO         2268    .ARM.Collect$$$$00000004  mc_w.l(entry5.o)
    0x08000128   0x08000128   0x00000000   Code   RO         2270    .ARM.Collect$$$$00000008  mc_w.l(entry7b.o)
    0x08000128   0x08000128   0x00000000   Code   RO         2272    .ARM.Collect$$$$0000000A  mc_w.l(entry8b.o)
    0x08000128   0x08000128   0x00000008   Code   RO         2273    .ARM.Collect$$$$0000000B  mc_w.l(entry9a.o)
    0x08000130   0x08000130   0x00000000   Code   RO         2275    .ARM.Collect$$$$0000000D  mc_w.l(entry10a.o)
    0x08000130   0x08000130   0x00000000   Code   RO         2277    .ARM.Collect$$$$0000000F  mc_w.l(entry11a.o)
    0x08000130   0x08000130   0x00000004   Code   RO         2266    .ARM.Collect$$$$00002712  mc_w.l(entry2.o)
    0x08000134   0x08000134   0x00000024   Code   RO            4    .text               startup_stm32f100xb.o
    0x08000158   0x08000158   0x00000024   Code   RO         1974    .text               mc_w.l(memseta.o)
    0x0800017c   0x0800017c   0x00000024   Code   RO         2303    .text               mc_w.l(init.o)
    0x080001a0   0x080001a0   0x00000002   Code   RO          181    i.BusFault_Handler  stm32f1xx_it.o
    0x080001a2   0x080001a2   0x00000032   Code   RO           13    i.CRC16             main.o
    0x080001d4   0x080001d4   0x00000002   Code   RO          182    i.DebugMon_Handler  stm32f1xx_it.o
    0x080001d6   0x080001d6   0x00000030   Code   RO         1410    i.HAL_DMA_Abort     stm32f1xx_hal_dma.o
    0x08000206   0x08000206   0x00000002   PAD
    0x08000208   0x08000208   0x00000098   Code   RO         1411    i.HAL_DMA_Abort_IT  stm32f1xx_hal_dma.o
    0x080002a0   0x080002a0   0x00000024   Code   RO         1050    i.HAL_Delay         stm32f1xx_hal.o
    0x080002c4   0x080002c4   0x000001bc   Code   RO         1346    i.HAL_GPIO_Init     stm32f1xx_hal_gpio.o
    0x08000480   0x08000480   0x0000000a   Code   RO         1350    i.HAL_GPIO_WritePin  stm32f1xx_hal_gpio.o
    0x0800048a   0x0800048a   0x00000002   PAD
    0x0800048c   0x0800048c   0x0000000c   Code   RO         1054    i.HAL_GetTick       stm32f1xx_hal.o
    0x08000498   0x08000498   0x00000010   Code   RO         1058    i.HAL_IncTick       stm32f1xx_hal.o
    0x080004a8   0x080004a8   0x00000016   Code   RO         1059    i.HAL_Init          stm32f1xx_hal.o
    0x080004be   0x080004be   0x00000002   PAD
    0x080004c0   0x080004c0   0x00000040   Code   RO         1060    i.HAL_InitTick      stm32f1xx_hal.o
    0x08000500   0x08000500   0x0000003c   Code   RO          272    i.HAL_MspInit       stm32f1xx_hal_msp.o
    0x0800053c   0x0800053c   0x00000016   Code   RO         1506    i.HAL_NVIC_EnableIRQ  stm32f1xx_hal_cortex.o
    0x08000552   0x08000552   0x00000002   PAD
    0x08000554   0x08000554   0x00000040   Code   RO         1512    i.HAL_NVIC_SetPriority  stm32f1xx_hal_cortex.o
    0x08000594   0x08000594   0x00000024   Code   RO         1513    i.HAL_NVIC_SetPriorityGrouping  stm32f1xx_hal_cortex.o
    0x080005b8   0x080005b8   0x00000114   Code   RO         1206    i.HAL_RCC_ClockConfig  stm32f1xx_hal_rcc.o
    0x080006cc   0x080006cc   0x00000020   Code   RO         1213    i.HAL_RCC_GetPCLK1Freq  stm32f1xx_hal_rcc.o
    0x080006ec   0x080006ec   0x00000020   Code   RO         1214    i.HAL_RCC_GetPCLK2Freq  stm32f1xx_hal_rcc.o
    0x0800070c   0x0800070c   0x0000007c   Code   RO         1215    i.HAL_RCC_GetSysClockFreq  stm32f1xx_hal_rcc.o
    0x08000788   0x08000788   0x00000304   Code   RO         1218    i.HAL_RCC_OscConfig  stm32f1xx_hal_rcc.o
    0x08000a8c   0x08000a8c   0x00000028   Code   RO         1517    i.HAL_SYSTICK_Config  stm32f1xx_hal_cortex.o
    0x08000ab4   0x08000ab4   0x00000044   Code   RO          727    i.HAL_UART_AbortReceive  stm32f1xx_hal_uart.o
    0x08000af8   0x08000af8   0x00000002   Code   RO          738    i.HAL_UART_ErrorCallback  stm32f1xx_hal_uart.o
    0x08000afa   0x08000afa   0x00000002   PAD
    0x08000afc   0x08000afc   0x00000110   Code   RO          741    i.HAL_UART_IRQHandler  stm32f1xx_hal_uart.o
    0x08000c0c   0x08000c0c   0x00000062   Code   RO          742    i.HAL_UART_Init     stm32f1xx_hal_uart.o
    0x08000c6e   0x08000c6e   0x00000002   PAD
    0x08000c70   0x08000c70   0x000000d8   Code   RO          274    i.HAL_UART_MspInit  stm32f1xx_hal_msp.o
    0x08000d48   0x08000d48   0x000000b8   Code   RO          745    i.HAL_UART_Receive  stm32f1xx_hal_uart.o
    0x08000e00   0x08000e00   0x00000002   Code   RO          748    i.HAL_UART_RxCpltCallback  stm32f1xx_hal_uart.o
    0x08000e02   0x08000e02   0x000000ba   Code   RO          750    i.HAL_UART_Transmit  stm32f1xx_hal_uart.o
    0x08000ebc   0x08000ebc   0x00000002   Code   RO          753    i.HAL_UART_TxCpltCallback  stm32f1xx_hal_uart.o
    0x08000ebe   0x08000ebe   0x00000002   Code   RO          183    i.HardFault_Handler  stm32f1xx_it.o
    0x08000ec0   0x08000ec0   0x0000009c   Code   RO           15    i.MX_GPIO_Init      main.o
    0x08000f5c   0x08000f5c   0x00000002   Code   RO          184    i.MemManage_Handler  stm32f1xx_it.o
    0x08000f5e   0x08000f5e   0x00000002   PAD
    0x08000f60   0x08000f60   0x000000fc   Code   RO           16    i.ModBusRead        main.o
    0x0800105c   0x0800105c   0x0000031c   Code   RO          449    i.ModbusMaster_ModbusMasterTransaction  modbus_master.o
    0x08001378   0x08001378   0x0000001c   Code   RO          472    i.ModbusMaster_writeSingleRegister  modbus_master.o
    0x08001394   0x08001394   0x0000001c   Code   RO          368    i.Modbus_Master_GetByte  trans_recieve_buff_control.o
    0x080013b0   0x080013b0   0x00000004   Code   RO          370    i.Modbus_Master_Millis  trans_recieve_buff_control.o
    0x080013b4   0x080013b4   0x0000001c   Code   RO          372    i.Modbus_Master_Read  trans_recieve_buff_control.o
    0x080013d0   0x080013d0   0x00000024   Code   RO          373    i.Modbus_Master_Rece_Available  trans_recieve_buff_control.o
    0x080013f4   0x080013f4   0x00000010   Code   RO          374    i.Modbus_Master_Rece_Flush  trans_recieve_buff_control.o
    0x08001404   0x08001404   0x00000044   Code   RO          375    i.Modbus_Master_Rece_Handler  trans_recieve_buff_control.o
    0x08001448   0x08001448   0x0000001c   Code   RO          377    i.Modbus_Master_Write  trans_recieve_buff_control.o
    0x08001464   0x08001464   0x00000002   Code   RO          185    i.NMI_Handler       stm32f1xx_it.o
    0x08001466   0x08001466   0x00000020   Code   RO         1519    i.NVIC_SetPriority  stm32f1xx_hal_cortex.o
    0x08001486   0x08001486   0x00000002   Code   RO          186    i.PendSV_Handler    stm32f1xx_it.o
    0x08001488   0x08001488   0x00000010   Code   RO           17    i.RS485_postTransmission  main.o
    0x08001498   0x08001498   0x00000010   Code   RO           18    i.RS485_preTransmission  main.o
    0x080014a8   0x080014a8   0x00000002   Code   RO          187    i.SVC_Handler       stm32f1xx_it.o
    0x080014aa   0x080014aa   0x00000004   Code   RO          188    i.SysTick_Handler   stm32f1xx_it.o
    0x080014ae   0x080014ae   0x00000048   Code   RO           19    i.SystemClock_Config  main.o
    0x080014f6   0x080014f6   0x00000002   PAD
    0x080014f8   0x080014f8   0x0000004c   Code   RO         1935    i.SystemInit        system_stm32f1xx.o
    0x08001544   0x08001544   0x00000010   Code   RO          755    i.UART_DMAAbortOnError  stm32f1xx_hal_uart.o
    0x08001554   0x08001554   0x0000001c   Code   RO          765    i.UART_EndRxTransfer  stm32f1xx_hal_uart.o
    0x08001570   0x08001570   0x00000096   Code   RO          767    i.UART_Receive_IT   stm32f1xx_hal_uart.o
    0x08001606   0x08001606   0x00000002   PAD
    0x08001608   0x08001608   0x000002a0   Code   RO          768    i.UART_SetConfig    stm32f1xx_hal_uart.o
    0x080018a8   0x080018a8   0x00000062   Code   RO          769    i.UART_Transmit_IT  stm32f1xx_hal_uart.o
    0x0800190a   0x0800190a   0x00000064   Code   RO          770    i.UART_WaitOnFlagUntilTimeout  stm32f1xx_hal_uart.o
    0x0800196e   0x0800196e   0x00000002   PAD
    0x08001970   0x08001970   0x0000000c   Code   RO          189    i.USART1_IRQHandler  stm32f1xx_it.o
    0x0800197c   0x0800197c   0x0000000c   Code   RO          190    i.USART2_IRQHandler  stm32f1xx_it.o
    0x08001988   0x08001988   0x00000002   Code   RO          191    i.UsageFault_Handler  stm32f1xx_it.o
    0x0800198a   0x0800198a   0x00000002   PAD
    0x0800198c   0x0800198c   0x00000028   Code   RO         2045    i.__0sprintf$2      mc_w.l(printf2.o)
    0x080019b4   0x080019b4   0x0000000e   Code   RO         2315    i.__scatterload_copy  mc_w.l(handlers.o)
    0x080019c2   0x080019c2   0x00000002   Code   RO         2316    i.__scatterload_null  mc_w.l(handlers.o)
    0x080019c4   0x080019c4   0x0000000e   Code   RO         2317    i.__scatterload_zeroinit  mc_w.l(handlers.o)
    0x080019d2   0x080019d2   0x000000d6   Code   RO         2050    i._printf_core      mc_w.l(printf2.o)
    0x08001aa8   0x08001aa8   0x0000000a   Code   RO         2052    i._sputc            mc_w.l(printf2.o)
    0x08001ab2   0x08001ab2   0x0000001c   Code   RO          473    i.crc16_update      modbus_master.o
    0x08001ace   0x08001ace   0x00000002   PAD
    0x08001ad0   0x08001ad0   0x0000003c   Code   RO           20    i.debbugXui         main.o
    0x08001b0c   0x08001b0c   0x00000098   Code   RO           21    i.main              main.o
    0x08001ba4   0x08001ba4   0x00000024   Code   RO          475    i.postTransmission  modbus_master.o
    0x08001bc8   0x08001bc8   0x00000024   Code   RO          476    i.preTransmission   modbus_master.o
    0x08001bec   0x08001bec   0x0000000c   Code   RO          308    i.rbClear           ringbuffer.o
    0x08001bf8   0x08001bf8   0x00000012   Code   RO          310    i.rbInitialize      ringbuffer.o
    0x08001c0a   0x08001c0a   0x00000010   Code   RO          311    i.rbIsEmpty         ringbuffer.o
    0x08001c1a   0x08001c1a   0x00000022   Code   RO          313    i.rbPop             ringbuffer.o
    0x08001c3c   0x08001c3c   0x00000010   Data   RO         1936    .constdata          system_stm32f1xx.o
    0x08001c4c   0x08001c4c   0x00000008   Data   RO         1937    .constdata          system_stm32f1xx.o
    0x08001c54   0x08001c54   0x00000020   Data   RO         2313    Region$$Table       anon$$obj.o


    Execution Region RW_IRAM1 (Exec base: 0x20000000, Load base: 0x08001c74, Size: 0x000007d0, Max: 0x00002000, ABSOLUTE)

    Exec Addr    Load Addr    Size         Type   Attr      Idx    E Section Name        Object

    0x20000000   0x08001c74   0x00000002   Data   RW           23    .data               main.o
    0x20000002   0x08001c76   0x00000001   Data   RW          379    .data               trans_recieve_buff_control.o
    0x20000003   0x08001c77   0x00000001   PAD
    0x20000004   0x08001c78   0x0000001c   Data   RW          478    .data               modbus_master.o
    0x20000020   0x08001c94   0x0000000c   Data   RW         1066    .data               stm32f1xx_hal.o
    0x2000002c   0x08001ca0   0x00000004   Data   RW         1938    .data               system_stm32f1xx.o
    0x20000030        -       0x0000015c   Zero   RW           22    .bss                main.o
    0x2000018c        -       0x00000140   Zero   RW          378    .bss                trans_recieve_buff_control.o
    0x200002cc        -       0x00000100   Zero   RW          477    .bss                modbus_master.o
    0x200003cc   0x08001ca4   0x00000004   PAD
    0x200003d0        -       0x00000400   Zero   RW            1    STACK               startup_stm32f100xb.o


==============================================================================

Image component sizes


      Code (inc. data)   RO Data    RW Data    ZI Data      Debug   Object Name

       774         94          0          2        348     266211   main.o
       924         42          0         28        256       7531   modbus_master.o
        80          0          0          0          0       2665   ringbuffer.o
        36          8        288          0       1024        860   startup_stm32f100xb.o
       150         24          0         12          0       6665   stm32f1xx_hal.o
       194         14          0          0          0      26099   stm32f1xx_hal_cortex.o
       200          4          0          0          0       1851   stm32f1xx_hal_dma.o
       454         36          0          0          0       3052   stm32f1xx_hal_gpio.o
       276         26          0          0          0       1837   stm32f1xx_hal_msp.o
      1236        104          0          0          0       5444   stm32f1xx_hal_rcc.o
      1878         12          0          0          0      11718   stm32f1xx_hal_uart.o
        44         12          0          0          0       5266   stm32f1xx_it.o
        76         16         24          4          0       1335   system_stm32f1xx.o
       208         34          0          1        320       5311   trans_recieve_buff_control.o

    ----------------------------------------------------------------------
      6554        426        344         48       1952     345845   Object Totals
         0          0         32          0          0          0   (incl. Generated)
        24          0          0          1          4          0   (incl. Padding)

    ----------------------------------------------------------------------

      Code (inc. data)   RO Data    RW Data    ZI Data      Debug   Library Member Name

         0          0          0          0          0          0   entry.o
         0          0          0          0          0          0   entry10a.o
         0          0          0          0          0          0   entry11a.o
         8          4          0          0          0          0   entry2.o
         4          0          0          0          0          0   entry5.o
         0          0          0          0          0          0   entry7b.o
         0          0          0          0          0          0   entry8b.o
         8          4          0          0          0          0   entry9a.o
        30          0          0          0          0          0   handlers.o
        36          8          0          0          0         68   init.o
        36          0          0          0          0        108   memseta.o
       264          6          0          0          0        244   printf2.o

    ----------------------------------------------------------------------
       386         22          0          0          0        420   Library Totals
         0          0          0          0          0          0   (incl. Padding)

    ----------------------------------------------------------------------

      Code (inc. data)   RO Data    RW Data    ZI Data      Debug   Library Name

       386         22          0          0          0        420   mc_w.l

    ----------------------------------------------------------------------
       386         22          0          0          0        420   Library Totals

    ----------------------------------------------------------------------

==============================================================================


      Code (inc. data)   RO Data    RW Data    ZI Data      Debug   

      6940        448        344         48       1952     342829   Grand Totals
      6940        448        344         48       1952     342829   ELF Image Totals
      6940        448        344         48          0          0   ROM Totals

==============================================================================

    Total RO  Size (Code + RO Data)                 7284 (   7.11kB)
    Total RW  Size (RW Data + ZI Data)              2000 (   1.95kB)
    Total ROM Size (Code + RO Data + RW Data)       7332 (   7.16kB)

==============================================================================

